
  .   ____          _            __ _ _
 /\\ / ___'_ __ _ _(_)_ __  __ _ \ \ \ \
( ( )\___ | '_ | '_| | '_ \/ _` | \ \ \ \
 \\/  ___)| |_)| | | | | || (_| |  ) ) ) )
  '  |____| .__|_| |_|_| |_\__, | / / / /
 =========|_|==============|___/=/_/_/_/

 :: Spring Boot ::                (v3.4.5)

2026-09-13T09:13:25.288Z  INFO 1 --- [control-app] [           main] [                                                 ] c.objwww.pr.control.ControlApplication   : Starting ControlApplication v0.0.1-SNAPSHOT using Java 21.0.12 with PID 1 (/app/app.jar started by app in /app)
2026-09-13T09:13:25.291Z  INFO 1 --- [control-app] [           main] [                                                 ] c.objwww.pr.control.ControlApplication   : The following 1 profile is active: "docker"
2026-09-13T09:13:30.809Z  INFO 1 --- [control-app] [           main] [                                                 ] o.s.b.w.embedded.tomcat.TomcatWebServer  : Tomcat initialized with port 8080 (http)
2026-09-13T09:13:30.865Z  INFO 1 --- [control-app] [           main] [                                                 ] o.apache.catalina.core.StandardService   : Starting service [Tomcat]
2026-09-13T09:13:30.865Z  INFO 1 --- [control-app] [           main] [                                                 ] o.apache.catalina.core.StandardEngine    : Starting Servlet engine: [Apache Tomcat/10.1.40]
2026-09-13T09:13:31.075Z  INFO 1 --- [control-app] [           main] [                                                 ] o.a.c.c.C.[Tomcat].[localhost].[/]       : Initializing Spring embedded WebApplicationContext
2026-09-13T09:13:31.077Z  INFO 1 --- [control-app] [           main] [                                                 ] w.s.c.ServletWebServerApplicationContext : Root WebApplicationContext: initialization completed in 5685 ms
2026-09-13T09:13:31.580Z  INFO 1 --- [control-app] [           main] [                                                 ] com.zaxxer.hikari.HikariDataSource       : alert-worker - Starting...
2026-09-13T09:13:31.997Z  INFO 1 --- [control-app] [           main] [                                                 ] com.zaxxer.hikari.pool.HikariPool        : alert-worker - Added connection org.postgresql.jdbc.PgConnection@4bc21e34
2026-09-13T09:13:31.999Z  INFO 1 --- [control-app] [           main] [                                                 ] com.zaxxer.hikari.HikariDataSource       : alert-worker - Start completed.
2026-09-13T09:13:34.401Z  WARN 1 --- [control-app] [           main] [                                                 ] ConfigServletWebServerApplicationContext : Exception encountered during context initialization - cancelling refresh attempt: org.springframework.beans.factory.BeanCreationException: Error creating bean with name 'am4RcaModelGateway' defined in class path resource [com/objwww/pr/control/infrastructure/config/AlertAm4Config.class]: Failed to instantiate [com.objwww.pr.control.alert.application.agent.RcaModelGateway]: Factory method 'am4RcaModelGateway' threw exception with message: AGENT_MODEL_API_KEY 缺失或为占位符，拒绝启动（不回显密钥）
2026-09-13T09:13:34.460Z  INFO 1 --- [control-app] [           main] [                                                 ] com.zaxxer.hikari.HikariDataSource       : alert-worker - Shutdown initiated...
2026-09-13T09:13:34.467Z  INFO 1 --- [control-app] [           main] [                                                 ] com.zaxxer.hikari.HikariDataSource       : alert-worker - Shutdown completed.
2026-09-13T09:13:34.470Z  INFO 1 --- [control-app] [           main] [                                                 ] o.apache.catalina.core.StandardService   : Stopping service [Tomcat]
2026-09-13T09:13:34.498Z  INFO 1 --- [control-app] [           main] [                                                 ] .s.b.a.l.ConditionEvaluationReportLogger : 

Error starting ApplicationContext. To display the condition evaluation report re-run your application with 'debug' enabled.
2026-09-13T09:13:34.571Z ERROR 1 --- [control-app] [           main] [                                                 ] o.s.boot.SpringApplication               : Application run failed

org.springframework.beans.factory.BeanCreationException: Error creating bean with name 'am4RcaModelGateway' defined in class path resource [com/objwww/pr/control/infrastructure/config/AlertAm4Config.class]: Failed to instantiate [com.objwww.pr.control.alert.application.agent.RcaModelGateway]: Factory method 'am4RcaModelGateway' threw exception with message: AGENT_MODEL_API_KEY 缺失或为占位符，拒绝启动（不回显密钥）
	at org.springframework.beans.factory.support.ConstructorResolver.instantiate(ConstructorResolver.java:657) ~[spring-beans-6.2.6.jar!/:6.2.6]
	at org.springframework.beans.factory.support.ConstructorResolver.instantiateUsingFactoryMethod(ConstructorResolver.java:645) ~[spring-beans-6.2.6.jar!/:6.2.6]
	at org.springframework.beans.factory.support.AbstractAutowireCapableBeanFactory.instantiateUsingFactoryMethod(AbstractAutowireCapableBeanFactory.java:1367) ~[spring-beans-6.2.6.jar!/:6.2.6]
	at org.springframework.beans.factory.support.AbstractAutowireCapableBeanFactory.createBeanInstance(AbstractAutowireCapableBeanFactory.java:1197) ~[spring-beans-6.2.6.jar!/:6.2.6]
	at org.springframework.beans.factory.support.AbstractAutowireCapableBeanFactory.doCreateBean(AbstractAutowireCapableBeanFactory.java:569) ~[spring-beans-6.2.6.jar!/:6.2.6]
	at org.springframework.beans.factory.support.AbstractAutowireCapableBeanFactory.createBean(AbstractAutowireCapableBeanFactory.java:529) ~[spring-beans-6.2.6.jar!/:6.2.6]
	at org.springframework.beans.factory.support.AbstractBeanFactory.lambda$doGetBean$0(AbstractBeanFactory.java:339) ~[spring-beans-6.2.6.jar!/:6.2.6]
	at org.springframework.beans.factory.support.DefaultSingletonBeanRegistry.getSingleton(DefaultSingletonBeanRegistry.java:371) ~[spring-beans-6.2.6.jar!/:6.2.6]
	at org.springframework.beans.factory.support.AbstractBeanFactory.doGetBean(AbstractBeanFactory.java:337) ~[spring-beans-6.2.6.jar!/:6.2.6]
	at org.springframework.beans.factory.support.AbstractBeanFactory.getBean(AbstractBeanFactory.java:202) ~[spring-beans-6.2.6.jar!/:6.2.6]
	at org.springframework.beans.factory.support.DefaultListableBeanFactory.instantiateSingleton(DefaultListableBeanFactory.java:1221) ~[spring-beans-6.2.6.jar!/:6.2.6]
	at org.springframework.beans.factory.support.DefaultListableBeanFactory.preInstantiateSingleton(DefaultListableBeanFactory.java:1187) ~[spring-beans-6.2.6.jar!/:6.2.6]
	at org.springframework.beans.factory.support.DefaultListableBeanFactory.preInstantiateSingletons(DefaultListableBeanFactory.java:1122) ~[spring-beans-6.2.6.jar!/:6.2.6]
	at org.springframework.context.support.AbstractApplicationContext.finishBeanFactoryInitialization(AbstractApplicationContext.java:987) ~[spring-context-6.2.6.jar!/:6.2.6]
	at org.springframework.context.support.AbstractApplicationContext.refresh(AbstractApplicationContext.java:627) ~[spring-context-6.2.6.jar!/:6.2.6]
	at org.springframework.boot.web.servlet.context.ServletWebServerApplicationContext.refresh(ServletWebServerApplicationContext.java:146) ~[spring-boot-3.4.5.jar!/:3.4.5]
	at org.springframework.boot.SpringApplication.refresh(SpringApplication.java:753) ~[spring-boot-3.4.5.jar!/:3.4.5]
	at org.springframework.boot.SpringApplication.refreshContext(SpringApplication.java:439) ~[spring-boot-3.4.5.jar!/:3.4.5]
	at org.springframework.boot.SpringApplication.run(SpringApplication.java:318) ~[spring-boot-3.4.5.jar!/:3.4.5]
	at org.springframework.boot.SpringApplication.run(SpringApplication.java:1362) ~[spring-boot-3.4.5.jar!/:3.4.5]
	at org.springframework.boot.SpringApplication.run(SpringApplication.java:1351) ~[spring-boot-3.4.5.jar!/:3.4.5]
	at com.objwww.pr.control.ControlApplication.main(ControlApplication.java:14) ~[!/:0.0.1-SNAPSHOT]
	at java.base/jdk.internal.reflect.DirectMethodHandleAccessor.invoke(Unknown Source) ~[na:na]
	at java.base/java.lang.reflect.Method.invoke(Unknown Source) ~[na:na]
	at org.springframework.boot.loader.launch.Launcher.launch(Launcher.java:102) ~[app.jar:0.0.1-SNAPSHOT]
	at org.springframework.boot.loader.launch.Launcher.launch(Launcher.java:64) ~[app.jar:0.0.1-SNAPSHOT]
	at org.springframework.boot.loader.launch.JarLauncher.main(JarLauncher.java:40) ~[app.jar:0.0.1-SNAPSHOT]
Caused by: org.springframework.beans.BeanInstantiationException: Failed to instantiate [com.objwww.pr.control.alert.application.agent.RcaModelGateway]: Factory method 'am4RcaModelGateway' threw exception with message: AGENT_MODEL_API_KEY 缺失或为占位符，拒绝启动（不回显密钥）
	at org.springframework.beans.factory.support.SimpleInstantiationStrategy.lambda$instantiate$0(SimpleInstantiationStrategy.java:199) ~[spring-beans-6.2.6.jar!/:6.2.6]
	at org.springframework.beans.factory.support.SimpleInstantiationStrategy.instantiateWithFactoryMethod(SimpleInstantiationStrategy.java:88) ~[spring-beans-6.2.6.jar!/:6.2.6]
	at org.springframework.beans.factory.support.SimpleInstantiationStrategy.instantiate(SimpleInstantiationStrategy.java:168) ~[spring-beans-6.2.6.jar!/:6.2.6]
	at org.springframework.beans.factory.support.ConstructorResolver.instantiate(ConstructorResolver.java:653) ~[spring-beans-6.2.6.jar!/:6.2.6]
	... 26 common frames omitted
Caused by: java.lang.IllegalStateException: AGENT_MODEL_API_KEY 缺失或为占位符，拒绝启动（不回显密钥）
	at com.objwww.pr.control.infrastructure.config.M3ModelGatewayConfig.requireRealKey(M3ModelGatewayConfig.java:223) ~[!/:0.0.1-SNAPSHOT]
	at com.objwww.pr.control.infrastructure.config.M3ModelGatewayConfig.buildModelGateway(M3ModelGatewayConfig.java:133) ~[!/:0.0.1-SNAPSHOT]
	at com.objwww.pr.control.infrastructure.config.AlertAm4Config.am4RcaModelGateway(AlertAm4Config.java:718) ~[!/:0.0.1-SNAPSHOT]
	at com.objwww.pr.control.infrastructure.config.AlertAm4Config$$SpringCGLIB$$0.CGLIB$am4RcaModelGateway$23(<generated>) ~[!/:0.0.1-SNAPSHOT]
	at com.objwww.pr.control.infrastructure.config.AlertAm4Config$$SpringCGLIB$$FastClass$$1.invoke(<generated>) ~[!/:0.0.1-SNAPSHOT]
	at org.springframework.cglib.proxy.MethodProxy.invokeSuper(MethodProxy.java:258) ~[spring-core-6.2.6.jar!/:6.2.6]
	at org.springframework.context.annotation.ConfigurationClassEnhancer$BeanMethodInterceptor.intercept(ConfigurationClassEnhancer.java:393) ~[spring-context-6.2.6.jar!/:6.2.6]
	at com.objwww.pr.control.infrastructure.config.AlertAm4Config$$SpringCGLIB$$0.am4RcaModelGateway(<generated>) ~[!/:0.0.1-SNAPSHOT]
	at java.base/jdk.internal.reflect.DirectMethodHandleAccessor.invoke(Unknown Source) ~[na:na]
	at java.base/java.lang.reflect.Method.invoke(Unknown Source) ~[na:na]
	at org.springframework.beans.factory.support.SimpleInstantiationStrategy.lambda$instantiate$0(SimpleInstantiationStrategy.java:171) ~[spring-beans-6.2.6.jar!/:6.2.6]
	... 29 common frames omitted

