 Network rriso_rriso-int  Creating
 Network rriso_rriso-int  Created
 Volume "rriso_rriso-pg-data"  Creating
 Volume "rriso_rriso-pg-data"  Created
 Volume "rriso_rriso-cas"  Creating
 Volume "rriso_rriso-cas"  Created
 Container rriso-postgres-1  Creating
 Container rriso-postgres-1  Created
 Container rriso-migrate-1  Creating
 Container rriso-migrate-1  Created
 Container rriso-control-app-1  Creating
 Container rriso-control-app-1  Created
 Container rriso-postgres-1  Starting
 Container rriso-postgres-1  Started
 Container rriso-postgres-1  Waiting
 Container rriso-postgres-1  Healthy
 Container rriso-migrate-1  Starting
 Container rriso-migrate-1  Started
 Container rriso-postgres-1  Waiting
 Container rriso-migrate-1  Waiting
 Container rriso-postgres-1  Healthy
 Container rriso-migrate-1  Exited
 Container rriso-control-app-1  Starting
 Container rriso-control-app-1  Started
