
> alert-web@0.7.0 build
> vite build

[36mvite v7.3.6 [32mbuilding client environment for production...[36m[39m
transforming...
[32m✓[39m 2528 modules transformed.
rendering chunks...
computing gzip size...
[2mdist/[22m[32mindex.html                               [39m[1m[2m  0.39 kB[22m[1m[22m[2m │ gzip:   0.30 kB[22m
[2mdist/[22m[35massets/EmptyState-BwLGLvW9.css           [39m[1m[2m  0.05 kB[22m[1m[22m[2m │ gzip:   0.07 kB[22m
[2mdist/[22m[35massets/StatusBadge-Cq4JNchL.css          [39m[1m[2m  0.05 kB[22m[1m[22m[2m │ gzip:   0.07 kB[22m
[2mdist/[22m[35massets/KvTable-DOyEgPIc.css              [39m[1m[2m  0.12 kB[22m[1m[22m[2m │ gzip:   0.12 kB[22m
[2mdist/[22m[35massets/el-overlay-Wv38huFO.css           [39m[1m[2m  0.16 kB[22m[1m[22m[2m │ gzip:   0.14 kB[22m
[2mdist/[22m[35massets/AuditView-BakXvF-_.css            [39m[1m[2m  0.18 kB[22m[1m[22m[2m │ gzip:   0.15 kB[22m
[2mdist/[22m[35massets/UsersView-B6SL7RTy.css            [39m[1m[2m  0.18 kB[22m[1m[22m[2m │ gzip:   0.15 kB[22m
[2mdist/[22m[35massets/CatalogView-NE7llJbm.css          [39m[1m[2m  0.19 kB[22m[1m[22m[2m │ gzip:   0.15 kB[22m
[2mdist/[22m[35massets/PageHeader-SFjBPhCu.css           [39m[1m[2m  0.43 kB[22m[1m[22m[2m │ gzip:   0.25 kB[22m
[2mdist/[22m[35massets/HistoryView-C2D4b7g-.css          [39m[1m[2m  0.61 kB[22m[1m[22m[2m │ gzip:   0.29 kB[22m
[2mdist/[22m[35massets/EvalView-CyeAOMxX.css             [39m[1m[2m  0.76 kB[22m[1m[22m[2m │ gzip:   0.36 kB[22m
[2mdist/[22m[35massets/IncidentTable-Cbo8fHEm.css        [39m[1m[2m  0.82 kB[22m[1m[22m[2m │ gzip:   0.27 kB[22m
[2mdist/[22m[35massets/EvalDatasetsView-BImW05ww.css     [39m[1m[2m  0.83 kB[22m[1m[22m[2m │ gzip:   0.37 kB[22m
[2mdist/[22m[35massets/PostmortemView-Ci18oPi2.css       [39m[1m[2m  1.14 kB[22m[1m[22m[2m │ gzip:   0.51 kB[22m
[2mdist/[22m[35massets/el-empty-S7fQQ3B8.css             [39m[1m[2m  1.16 kB[22m[1m[22m[2m │ gzip:   0.46 kB[22m
[2mdist/[22m[35massets/ConfigCenterView-C4L8N-js.css     [39m[1m[2m  1.19 kB[22m[1m[22m[2m │ gzip:   0.42 kB[22m
[2mdist/[22m[35massets/CategoryBadge-CeE5VdZc.css        [39m[1m[2m  1.29 kB[22m[1m[22m[2m │ gzip:   0.41 kB[22m
[2mdist/[22m[35massets/ApprovalOpsView-CTsjeTzp.css      [39m[1m[2m  1.31 kB[22m[1m[22m[2m │ gzip:   0.55 kB[22m
[2mdist/[22m[35massets/el-popover-Ciemdyvv.css           [39m[1m[2m  1.35 kB[22m[1m[22m[2m │ gzip:   0.42 kB[22m
[2mdist/[22m[35massets/el-result-CF-sYK2h.css            [39m[1m[2m  1.46 kB[22m[1m[22m[2m │ gzip:   0.38 kB[22m
[2mdist/[22m[35massets/el-loading-BtuTnLzD.css           [39m[1m[2m  1.62 kB[22m[1m[22m[2m │ gzip:   0.55 kB[22m
[2mdist/[22m[35massets/RunsView-C15G_L_N.css             [39m[1m[2m  1.67 kB[22m[1m[22m[2m │ gzip:   0.60 kB[22m
[2mdist/[22m[35massets/DrillsView-CwJkm_iJ.css           [39m[1m[2m  1.75 kB[22m[1m[22m[2m │ gzip:   0.60 kB[22m
[2mdist/[22m[35massets/EvalNewView-BVm5U9zF.css          [39m[1m[2m  1.87 kB[22m[1m[22m[2m │ gzip:   0.62 kB[22m
[2mdist/[22m[35massets/el-collapse-item-BvmEG8Qn.css     [39m[1m[2m  2.09 kB[22m[1m[22m[2m │ gzip:   0.58 kB[22m
[2mdist/[22m[35massets/EvalRunsView-nJEFZlml.css         [39m[1m[2m  2.17 kB[22m[1m[22m[2m │ gzip:   0.70 kB[22m
[2mdist/[22m[35massets/VersionsView-mG4rN3cV.css         [39m[1m[2m  2.19 kB[22m[1m[22m[2m │ gzip:   0.70 kB[22m
[2mdist/[22m[35massets/EvalAssetsView-CRJ8BE4C.css       [39m[1m[2m  2.49 kB[22m[1m[22m[2m │ gzip:   0.72 kB[22m
[2mdist/[22m[35massets/PromptWorkbenchView-B_R3ebwg.css  [39m[1m[2m  2.58 kB[22m[1m[22m[2m │ gzip:   0.71 kB[22m
[2mdist/[22m[35massets/EvalReviewView-DPBlwn15.css       [39m[1m[2m  2.59 kB[22m[1m[22m[2m │ gzip:   0.80 kB[22m
[2mdist/[22m[35massets/IncidentDetailView-D9iF_GQG.css   [39m[1m[2m  2.63 kB[22m[1m[22m[2m │ gzip:   0.69 kB[22m
[2mdist/[22m[35massets/OverviewView-BxUz9gJh.css         [39m[1m[2m  2.75 kB[22m[1m[22m[2m │ gzip:   0.83 kB[22m
[2mdist/[22m[35massets/DiagChatView-GYJf3DhG.css         [39m[1m[2m  2.83 kB[22m[1m[22m[2m │ gzip:   0.82 kB[22m
[2mdist/[22m[35massets/NotificationsView-C-00XjP-.css    [39m[1m[2m  2.90 kB[22m[1m[22m[2m │ gzip:   0.88 kB[22m
[2mdist/[22m[35massets/AlertsView-Dr_VOlC8.css           [39m[1m[2m  3.09 kB[22m[1m[22m[2m │ gzip:   0.85 kB[22m
[2mdist/[22m[35massets/el-descriptions-BpDzfuC8.css      [39m[1m[2m  3.42 kB[22m[1m[22m[2m │ gzip:   0.61 kB[22m
[2mdist/[22m[35massets/el-alert-B6UgayC7.css             [39m[1m[2m  3.47 kB[22m[1m[22m[2m │ gzip:   0.74 kB[22m
[2mdist/[22m[35massets/el-dialog-DUbGnqO_.css            [39m[1m[2m  3.54 kB[22m[1m[22m[2m │ gzip:   0.97 kB[22m
[2mdist/[22m[35massets/DrillCreateView-Ks55v26P.css      [39m[1m[2m  3.69 kB[22m[1m[22m[2m │ gzip:   0.92 kB[22m
[2mdist/[22m[35massets/CasesView-BfADkdnH.css            [39m[1m[2m  3.76 kB[22m[1m[22m[2m │ gzip:   1.02 kB[22m
[2mdist/[22m[35massets/DutyChatView-AcheNfzU.css         [39m[1m[2m  4.05 kB[22m[1m[22m[2m │ gzip:   1.29 kB[22m
[2mdist/[22m[35massets/DetailDrawer-BmQQuU66.css         [39m[1m[2m  4.08 kB[22m[1m[22m[2m │ gzip:   1.06 kB[22m
[2mdist/[22m[35massets/DrillDetailView-Dk-XImYd.css      [39m[1m[2m  4.23 kB[22m[1m[22m[2m │ gzip:   0.99 kB[22m
[2mdist/[22m[35massets/el-input-number-DExoAqKP.css      [39m[1m[2m  4.35 kB[22m[1m[22m[2m │ gzip:   0.90 kB[22m
[2mdist/[22m[35massets/el-timeline-item-C3hWMI-V.css     [39m[1m[2m  4.39 kB[22m[1m[22m[2m │ gzip:   0.85 kB[22m
[2mdist/[22m[35massets/EvalCompareView-Crqi9mIN.css      [39m[1m[2m  4.50 kB[22m[1m[22m[2m │ gzip:   1.09 kB[22m
[2mdist/[22m[35massets/el-step-DtA3_m5y.css              [39m[1m[2m  4.65 kB[22m[1m[22m[2m │ gzip:   1.15 kB[22m
[2mdist/[22m[35massets/el-message-box-amIz9eLF.css       [39m[1m[2m  4.76 kB[22m[1m[22m[2m │ gzip:   1.15 kB[22m
[2mdist/[22m[35massets/MonitorView-CSNACyvC.css          [39m[1m[2m  4.80 kB[22m[1m[22m[2m │ gzip:   1.12 kB[22m
[2mdist/[22m[35massets/el-message-B2GHqN2t.css           [39m[1m[2m  5.16 kB[22m[1m[22m[2m │ gzip:   1.11 kB[22m
[2mdist/[22m[35massets/EvalRunDetailView-D542dBnF.css    [39m[1m[2m  6.26 kB[22m[1m[22m[2m │ gzip:   1.43 kB[22m
[2mdist/[22m[35massets/el-checkbox-CzNtyWdF.css          [39m[1m[2m  6.51 kB[22m[1m[22m[2m │ gzip:   1.22 kB[22m
[2mdist/[22m[35massets/el-radio-button-TYBaCPcE.css      [39m[1m[2m  7.58 kB[22m[1m[22m[2m │ gzip:   1.42 kB[22m
[2mdist/[22m[35massets/el-select-caR2Yem-.css            [39m[1m[2m  9.82 kB[22m[1m[22m[2m │ gzip:   1.95 kB[22m
[2mdist/[22m[35massets/DutyView-mkm2kIBJ.css             [39m[1m[2m  9.89 kB[22m[1m[22m[2m │ gzip:   2.15 kB[22m
[2mdist/[22m[35massets/el-tab-pane-BAmdfGUb.css          [39m[1m[2m 16.66 kB[22m[1m[22m[2m │ gzip:   2.44 kB[22m
[2mdist/[22m[35massets/RunDetailView-DhQmCx_T.css        [39m[1m[2m 18.94 kB[22m[1m[22m[2m │ gzip:   3.85 kB[22m
[2mdist/[22m[35massets/el-table-column-Dp73S2HR.css      [39m[1m[2m 19.54 kB[22m[1m[22m[2m │ gzip:   2.91 kB[22m
[2mdist/[22m[35massets/el-date-picker-CFns1mtU.css       [39m[1m[2m 31.28 kB[22m[1m[22m[2m │ gzip:   4.33 kB[22m
[2mdist/[22m[35massets/AnalyticsView-t-v72wVn.css        [39m[1m[2m 37.38 kB[22m[1m[22m[2m │ gzip:   3.85 kB[22m
[2mdist/[22m[35massets/index-BEqzuV2o.css                [39m[1m[2m 72.76 kB[22m[1m[22m[2m │ gzip:  10.57 kB[22m
[2mdist/[22m[36massets/validator-CCPkxxRN.js             [39m[1m[2m  0.09 kB[22m[1m[22m[2m │ gzip:   0.10 kB[22m
[2mdist/[22m[36massets/strings-BCP6upP1.js               [39m[1m[2m  0.15 kB[22m[1m[22m[2m │ gzip:   0.15 kB[22m
[2mdist/[22m[36massets/clamp-DMzY5ZUT.js                 [39m[1m[2m  0.27 kB[22m[1m[22m[2m │ gzip:   0.19 kB[22m
[2mdist/[22m[36massets/severity-bswy-Nde.js              [39m[1m[2m  0.35 kB[22m[1m[22m[2m │ gzip:   0.27 kB[22m
[2mdist/[22m[36massets/displayNameZh-Bjext4XR.js         [39m[1m[2m  0.52 kB[22m[1m[22m[2m │ gzip:   0.40 kB[22m
[2mdist/[22m[36massets/toNumber-NbPhxAbJ.js              [39m[1m[2m  0.54 kB[22m[1m[22m[2m │ gzip:   0.36 kB[22m
[2mdist/[22m[36massets/PageHeader-CyCQxSA5.js            [39m[1m[2m  0.57 kB[22m[1m[22m[2m │ gzip:   0.37 kB[22m
[2mdist/[22m[36massets/index-dfmAuaOt.js                 [39m[1m[2m  0.63 kB[22m[1m[22m[2m │ gzip:   0.39 kB[22m
[2mdist/[22m[36massets/vnode-UhkFyJBW.js                 [39m[1m[2m  0.68 kB[22m[1m[22m[2m │ gzip:   0.42 kB[22m
[2mdist/[22m[36massets/KvTable-CTkipydd.js               [39m[1m[2m  0.76 kB[22m[1m[22m[2m │ gzip:   0.54 kB[22m
[2mdist/[22m[36massets/index-CqXRpsWI.js                 [39m[1m[2m  0.83 kB[22m[1m[22m[2m │ gzip:   0.51 kB[22m
[2mdist/[22m[36massets/scroll-CVe3yS_Y.js                [39m[1m[2m  0.87 kB[22m[1m[22m[2m │ gzip:   0.50 kB[22m
[2mdist/[22m[36massets/omit-89v7ixN7.js                  [39m[1m[2m  0.90 kB[22m[1m[22m[2m │ gzip:   0.55 kB[22m
[2mdist/[22m[36massets/EmptyState-DU87oscA.js            [39m[1m[2m  0.94 kB[22m[1m[22m[2m │ gzip:   0.64 kB[22m
[2mdist/[22m[36massets/debounce-DKuhb589.js              [39m[1m[2m  1.07 kB[22m[1m[22m[2m │ gzip:   0.57 kB[22m
[2mdist/[22m[36massets/_baseIteratee-DrXySL6b.js         [39m[1m[2m  1.13 kB[22m[1m[22m[2m │ gzip:   0.59 kB[22m
[2mdist/[22m[36massets/versions-Cyg7C6QC.js              [39m[1m[2m  1.20 kB[22m[1m[22m[2m │ gzip:   0.58 kB[22m
[2mdist/[22m[36massets/CategoryBadge-Be5YG8hk.js         [39m[1m[2m  1.21 kB[22m[1m[22m[2m │ gzip:   0.85 kB[22m
[2mdist/[22m[36massets/EvalView-D2wc5fM1.js              [39m[1m[2m  1.24 kB[22m[1m[22m[2m │ gzip:   0.78 kB[22m
[2mdist/[22m[36massets/index-D8Z2f6vj.js                 [39m[1m[2m  1.30 kB[22m[1m[22m[2m │ gzip:   0.62 kB[22m
[2mdist/[22m[36massets/el-result-y76FtgIZ.js             [39m[1m[2m  1.37 kB[22m[1m[22m[2m │ gzip:   0.62 kB[22m
[2mdist/[22m[36massets/drills-BHkexHo6.js                [39m[1m[2m  1.69 kB[22m[1m[22m[2m │ gzip:   0.78 kB[22m
[2mdist/[22m[36massets/index-BptgfVaD.js                 [39m[1m[2m  1.78 kB[22m[1m[22m[2m │ gzip:   0.93 kB[22m
[2mdist/[22m[36massets/el-alert-_ayqEzGv.js              [39m[1m[2m  1.94 kB[22m[1m[22m[2m │ gzip:   0.92 kB[22m
[2mdist/[22m[36massets/index-Czn7E8f2.js                 [39m[1m[2m  1.96 kB[22m[1m[22m[2m │ gzip:   1.04 kB[22m
[2mdist/[22m[36massets/AuditView-DIZjeNAQ.js             [39m[1m[2m  2.02 kB[22m[1m[22m[2m │ gzip:   1.22 kB[22m
[2mdist/[22m[36massets/UsersView-DhNAX-m5.js             [39m[1m[2m  2.03 kB[22m[1m[22m[2m │ gzip:   1.18 kB[22m
[2mdist/[22m[36massets/el-timeline-item-p2nCnju-.js      [39m[1m[2m  2.08 kB[22m[1m[22m[2m │ gzip:   0.92 kB[22m
[2mdist/[22m[36massets/StatusBadge-COqZPJbV.js           [39m[1m[2m  2.49 kB[22m[1m[22m[2m │ gzip:   1.11 kB[22m
[2mdist/[22m[36massets/format-BVEvtjC3.js                [39m[1m[2m  2.71 kB[22m[1m[22m[2m │ gzip:   1.08 kB[22m
[2mdist/[22m[36massets/scenarioZh-DMpmIdth.js            [39m[1m[2m  3.32 kB[22m[1m[22m[2m │ gzip:   1.75 kB[22m
[2mdist/[22m[36massets/IncidentTable-BQf_PoMy.js         [39m[1m[2m  3.36 kB[22m[1m[22m[2m │ gzip:   1.58 kB[22m
[2mdist/[22m[36massets/el-step-cwMAeNPA.js               [39m[1m[2m  4.17 kB[22m[1m[22m[2m │ gzip:   1.69 kB[22m
[2mdist/[22m[36massets/el-overlay-CMhgqwXy.js            [39m[1m[2m  4.24 kB[22m[1m[22m[2m │ gzip:   1.71 kB[22m
[2mdist/[22m[36massets/el-empty-BY0ZJpX_.js              [39m[1m[2m  4.43 kB[22m[1m[22m[2m │ gzip:   1.59 kB[22m
[2mdist/[22m[36massets/el-descriptions-B8AyZ8oH.js       [39m[1m[2m  4.46 kB[22m[1m[22m[2m │ gzip:   1.80 kB[22m
[2mdist/[22m[36massets/el-loading-m53Lqfkf.js            [39m[1m[2m  4.59 kB[22m[1m[22m[2m │ gzip:   1.97 kB[22m
[2mdist/[22m[36massets/el-dialog-Dln6h638.js             [39m[1m[2m  4.72 kB[22m[1m[22m[2m │ gzip:   2.06 kB[22m
[2mdist/[22m[36massets/CatalogView-C3YUvHd9.js           [39m[1m[2m  4.80 kB[22m[1m[22m[2m │ gzip:   2.38 kB[22m
[2mdist/[22m[36massets/zh-BRsCkaPz.js                    [39m[1m[2m  4.92 kB[22m[1m[22m[2m │ gzip:   2.82 kB[22m
[2mdist/[22m[36massets/EvalDatasetsView-ZZVe3lqQ.js      [39m[1m[2m  5.21 kB[22m[1m[22m[2m │ gzip:   2.40 kB[22m
[2mdist/[22m[36massets/el-radio-button--l6myalz.js       [39m[1m[2m  5.23 kB[22m[1m[22m[2m │ gzip:   2.17 kB[22m
[2mdist/[22m[36massets/DetailDrawer-Dy88xwpF.js          [39m[1m[2m  5.37 kB[22m[1m[22m[2m │ gzip:   2.41 kB[22m
[2mdist/[22m[36massets/el-collapse-item-EAzX456f.js      [39m[1m[2m  5.73 kB[22m[1m[22m[2m │ gzip:   2.26 kB[22m
[2mdist/[22m[36massets/HistoryView-BIdLptQ9.js           [39m[1m[2m  6.83 kB[22m[1m[22m[2m │ gzip:   3.13 kB[22m
[2mdist/[22m[36massets/el-input-number-DJo9VbUH.js       [39m[1m[2m  7.00 kB[22m[1m[22m[2m │ gzip:   2.84 kB[22m
[2mdist/[22m[36massets/RunsView-CvrG_dxD.js              [39m[1m[2m  7.09 kB[22m[1m[22m[2m │ gzip:   3.32 kB[22m
[2mdist/[22m[36massets/AnalyticsView-CxLwCPtg.js         [39m[1m[2m  7.37 kB[22m[1m[22m[2m │ gzip:   3.07 kB[22m
[2mdist/[22m[36massets/index-D-gkp1lA.js                 [39m[1m[2m  7.52 kB[22m[1m[22m[2m │ gzip:   3.24 kB[22m
[2mdist/[22m[36massets/DutyChatView-CSzqhXy4.js          [39m[1m[2m  7.58 kB[22m[1m[22m[2m │ gzip:   3.79 kB[22m
[2mdist/[22m[36massets/PostmortemView-CcFqyOj7.js        [39m[1m[2m  7.61 kB[22m[1m[22m[2m │ gzip:   3.29 kB[22m
[2mdist/[22m[36massets/OverviewView-B5SKw6bN.js          [39m[1m[2m  8.29 kB[22m[1m[22m[2m │ gzip:   3.82 kB[22m
[2mdist/[22m[36massets/el-checkbox-CYCN76WH.js           [39m[1m[2m  9.02 kB[22m[1m[22m[2m │ gzip:   3.27 kB[22m
[2mdist/[22m[36massets/DiagChatView-BzC1ei0s.js          [39m[1m[2m 10.46 kB[22m[1m[22m[2m │ gzip:   4.30 kB[22m
[2mdist/[22m[36massets/NotificationsView-DI3eZKcp.js     [39m[1m[2m 10.55 kB[22m[1m[22m[2m │ gzip:   4.58 kB[22m
[2mdist/[22m[36massets/ApprovalOpsView-C0q2Fa5e.js       [39m[1m[2m 10.86 kB[22m[1m[22m[2m │ gzip:   4.28 kB[22m
[2mdist/[22m[36massets/DrillsView-B3mdwSdC.js            [39m[1m[2m 11.38 kB[22m[1m[22m[2m │ gzip:   4.74 kB[22m
[2mdist/[22m[36massets/index-cfVTZLf6.js                 [39m[1m[2m 11.42 kB[22m[1m[22m[2m │ gzip:   4.25 kB[22m
[2mdist/[22m[36massets/EvalRunsView-CP7ry11J.js          [39m[1m[2m 11.46 kB[22m[1m[22m[2m │ gzip:   4.99 kB[22m
[2mdist/[22m[36massets/el-tab-pane-DwZvrS1Q.js           [39m[1m[2m 11.76 kB[22m[1m[22m[2m │ gzip:   4.88 kB[22m
[2mdist/[22m[36massets/AlertsView-BVII2hoq.js            [39m[1m[2m 11.88 kB[22m[1m[22m[2m │ gzip:   4.81 kB[22m
[2mdist/[22m[36massets/EvalAssetsView-DrujtlhJ.js        [39m[1m[2m 12.23 kB[22m[1m[22m[2m │ gzip:   5.10 kB[22m
[2mdist/[22m[36massets/ConfigCenterView-jr9k_tmW.js      [39m[1m[2m 12.85 kB[22m[1m[22m[2m │ gzip:   4.96 kB[22m
[2mdist/[22m[36massets/EvalNewView-BrD-F0D4.js           [39m[1m[2m 14.54 kB[22m[1m[22m[2m │ gzip:   6.09 kB[22m
[2mdist/[22m[36massets/DrillCreateView-DKaVBITa.js       [39m[1m[2m 15.28 kB[22m[1m[22m[2m │ gzip:   6.25 kB[22m
[2mdist/[22m[36massets/DrillDetailView-3-fyZrur.js       [39m[1m[2m 15.95 kB[22m[1m[22m[2m │ gzip:   6.84 kB[22m
[2mdist/[22m[36massets/CasesView-p3ym9Trl.js             [39m[1m[2m 16.04 kB[22m[1m[22m[2m │ gzip:   6.18 kB[22m
[2mdist/[22m[36massets/VersionsView-BXCWQEwz.js          [39m[1m[2m 17.21 kB[22m[1m[22m[2m │ gzip:   6.85 kB[22m
[2mdist/[22m[36massets/PromptWorkbenchView-D5FV-Fyg.js   [39m[1m[2m 20.02 kB[22m[1m[22m[2m │ gzip:   8.18 kB[22m
[2mdist/[22m[36massets/EvalReviewView-sN2AyiEK.js        [39m[1m[2m 20.28 kB[22m[1m[22m[2m │ gzip:   7.05 kB[22m
[2mdist/[22m[36massets/EvalCompareView-VARP0Vyg.js       [39m[1m[2m 22.89 kB[22m[1m[22m[2m │ gzip:   8.55 kB[22m
[2mdist/[22m[36massets/MonitorView-De9HAea3.js           [39m[1m[2m 23.53 kB[22m[1m[22m[2m │ gzip:   8.21 kB[22m
[2mdist/[22m[36massets/IncidentDetailView-VJ86lSey.js    [39m[1m[2m 28.53 kB[22m[1m[22m[2m │ gzip:   9.57 kB[22m
[2mdist/[22m[36massets/el-select-DOvUS1x5.js             [39m[1m[2m 31.09 kB[22m[1m[22m[2m │ gzip:  10.66 kB[22m
[2mdist/[22m[36massets/DutyView-D1_z_95D.js              [39m[1m[2m 38.86 kB[22m[1m[22m[2m │ gzip:  12.21 kB[22m
[2mdist/[22m[36massets/EvalRunDetailView-CVdLSxnB.js     [39m[1m[2m 45.83 kB[22m[1m[22m[2m │ gzip:  14.62 kB[22m
[2mdist/[22m[36massets/el-table-column-Cm2KIuah.js       [39m[1m[2m 76.70 kB[22m[1m[22m[2m │ gzip:  26.71 kB[22m
[2mdist/[22m[36massets/el-date-picker-BnmtHdse.js        [39m[1m[2m102.11 kB[22m[1m[22m[2m │ gzip:  28.53 kB[22m
[2mdist/[22m[36massets/RunDetailView-D3uvboe2.js         [39m[1m[2m256.62 kB[22m[1m[22m[2m │ gzip:  86.77 kB[22m
[2mdist/[22m[36massets/index-C22AUNoi.js                 [39m[1m[2m396.78 kB[22m[1m[22m[2m │ gzip: 143.62 kB[22m
[2mdist/[22m[36massets/echarts-DxaLyA3U.js               [39m[1m[33m647.94 kB[39m[22m[2m │ gzip: 221.88 kB[22m
[33m
(!) Some chunks are larger than 500 kB after minification. Consider:
- Using dynamic import() to code-split the application
- Use build.rollupOptions.output.manualChunks to improve chunking: https://rollupjs.org/configuration-options/#output-manualchunks
- Adjust chunk size limit for this warning via build.chunkSizeWarningLimit.[39m
[32m✓ built in 9.59s[39m
