Initializing 2026-09-04T19:07:45


[1;33mSection A - Check results[0m

[1;34m[INFO][0m 1 - Host Configuration
[1;34m[INFO][0m 1.1 - Linux Hosts Specific Configuration
[1;31m[WARN][0m 1.1.1 - Ensure a separate partition for containers has been created (Automated)
[1;34m[INFO][0m 1.1.2 - Ensure only trusted users are allowed to control Docker daemon (Automated)
[1;34m[INFO][0m       * Users: 
[1;31m[WARN][0m 1.1.3 - Ensure auditing is configured for the Docker daemon (Automated)
[1;31m[WARN][0m 1.1.4 - Ensure auditing is configured for Docker files and directories -/run/containerd (Automated)
[1;31m[WARN][0m 1.1.5 - Ensure auditing is configured for Docker files and directories - /var/lib/docker (Automated)
[1;31m[WARN][0m 1.1.6 - Ensure auditing is configured for Docker files and directories - /etc/docker (Automated)
[1;34m[INFO][0m 1.1.7 - Ensure auditing is configured for Docker files and directories - docker.service (Automated)
[1;34m[INFO][0m        * File not found
[1;34m[INFO][0m 1.1.8 - Ensure auditing is configured for Docker files and directories - containerd.sock (Automated)
[1;34m[INFO][0m        * File not found
[1;34m[INFO][0m 1.1.9 - Ensure auditing is configured for Docker files and directories - docker.socket (Automated)
[1;34m[INFO][0m        * File not found
[1;34m[INFO][0m 1.1.10 - Ensure auditing is configured for Docker files and directories - /etc/default/docker (Automated)
[1;34m[INFO][0m        * File not found
[1;31m[WARN][0m 1.1.11 - Ensure auditing is configured for Dockerfiles and directories - /etc/docker/daemon.json (Automated)
[1;31m[WARN][0m 1.1.12 - 1.1.12 Ensure auditing is configured for Dockerfiles and directories - /etc/containerd/config.toml (Automated)
[1;34m[INFO][0m 1.1.13 - Ensure auditing is configured for Docker files and directories - /etc/sysconfig/docker (Automated)
[1;34m[INFO][0m        * File not found
[1;34m[INFO][0m 1.1.14 - Ensure auditing is configured for Docker files and directories - /usr/bin/containerd (Automated)
[1;34m[INFO][0m         * File not found
[1;34m[INFO][0m 1.1.15 - Ensure auditing is configured for Docker files and directories - /usr/bin/containerd-shim (Automated)
[1;34m[INFO][0m         * File not found
[1;34m[INFO][0m 1.1.16 - Ensure auditing is configured for Docker files and directories - /usr/bin/containerd-shim-runc-v1 (Automated)
[1;34m[INFO][0m         * File not found
[1;34m[INFO][0m 1.1.17 - Ensure auditing is configured for Docker files and directories - /usr/bin/containerd-shim-runc-v2 (Automated)
[1;34m[INFO][0m         * File not found
[1;34m[INFO][0m 1.1.18 - Ensure auditing is configured for Docker files and directories - /usr/bin/runc (Automated)
[1;34m[INFO][0m         * File not found
[1;34m[INFO][0m 1.2 - General Configuration
[1;33m[NOTE][0m 1.2.1 - Ensure the container host has been Hardened (Manual)
[1;32m[PASS][0m 1.2.2 - Ensure that the version of Docker is up to date (Manual)
[1;34m[INFO][0m        * Using 26.1.4, verify is it up to date as deemed necessary

[1;34m[INFO][0m 2 - Docker daemon configuration
[1;33m[NOTE][0m 2.1 - Run the Docker daemon as a non-root user, if possible (Manual)
[1;31m[WARN][0m 2.2 - Ensure network traffic is restricted between containers on the default bridge (Scored)
[1;32m[PASS][0m 2.3 - Ensure the logging level is set to 'info' (Scored)
[1;32m[PASS][0m 2.4 - Ensure Docker is allowed to make changes to iptables (Scored)
[1;32m[PASS][0m 2.5 - Ensure insecure registries are not used (Scored)
[1;32m[PASS][0m 2.6 - Ensure aufs storage driver is not used (Scored)
[1;34m[INFO][0m 2.7 - Ensure TLS authentication for Docker daemon is configured (Scored)
[1;34m[INFO][0m      * Docker daemon not listening on TCP
[1;34m[INFO][0m 2.8 - Ensure the default ulimit is configured appropriately (Manual)
[1;34m[INFO][0m      * Default ulimit doesn't appear to be set
[1;31m[WARN][0m 2.9 - Enable user namespace support (Scored)
[1;32m[PASS][0m 2.10 - Ensure the default cgroup usage has been confirmed (Scored)
[1;32m[PASS][0m 2.11 - Ensure base device size is not changed until needed (Scored)
[1;31m[WARN][0m 2.12 - Ensure that authorization for Docker client commands is enabled (Scored)
[1;31m[WARN][0m 2.13 - Ensure centralized and remote logging is configured (Scored)
[1;31m[WARN][0m 2.14 - Ensure containers are restricted from acquiring new privileges (Scored)
[1;31m[WARN][0m 2.15 - Ensure live restore is enabled (Scored)
[1;31m[WARN][0m 2.16 - Ensure Userland Proxy is Disabled (Scored)
[1;34m[INFO][0m 2.17 - Ensure that a daemon-wide custom seccomp profile is applied if appropriate (Manual)
[1;34m[INFO][0m Ensure that experimental features are not implemented in production (Scored) (Deprecated)

[1;34m[INFO][0m 3 - Docker daemon configuration files
[1;34m[INFO][0m 3.1 - Ensure that the docker.service file ownership is set to root:root (Automated)
[1;34m[INFO][0m      * File not found
[1;34m[INFO][0m 3.2 - Ensure that docker.service file permissions are appropriately set (Automated)
[1;34m[INFO][0m      * File not found
[1;34m[INFO][0m 3.3 - Ensure that docker.socket file ownership is set to root:root (Automated)
[1;34m[INFO][0m      * File not found
[1;34m[INFO][0m 3.4 - Ensure that docker.socket file permissions are set to 644 or more restrictive (Automated)
[1;34m[INFO][0m      * File not found
[1;32m[PASS][0m 3.5 - Ensure that the /etc/docker directory ownership is set to root:root (Automated)
[1;32m[PASS][0m 3.6 - Ensure that /etc/docker directory permissions are set to 755 or more restrictively (Automated)
[1;34m[INFO][0m 3.7 - Ensure that registry certificate file ownership is set to root:root (Automated)
[1;34m[INFO][0m      * Directory not found
[1;34m[INFO][0m 3.8 - Ensure that registry certificate file permissions are set to 444 or more restrictively (Automated)
[1;34m[INFO][0m      * Directory not found
[1;34m[INFO][0m 3.9 - Ensure that TLS CA certificate file ownership is set to root:root (Automated)
[1;34m[INFO][0m      * No TLS CA certificate found
[1;34m[INFO][0m 3.10 - Ensure that TLS CA certificate file permissions are set to 444 or more restrictively (Automated)
[1;34m[INFO][0m       * No TLS CA certificate found
[1;34m[INFO][0m 3.11 - Ensure that Docker server certificate file ownership is set to root:root (Automated)
[1;34m[INFO][0m       * No TLS Server certificate found
[1;34m[INFO][0m 3.12 - Ensure that the Docker server certificate file permissions are set to 444 or more restrictively (Automated)
[1;34m[INFO][0m       * No TLS Server certificate found
[1;34m[INFO][0m 3.13 - Ensure that the Docker server certificate key file ownership is set to root:root (Automated)
[1;34m[INFO][0m       * No TLS Key found
[1;34m[INFO][0m 3.14 - Ensure that the Docker server certificate key file permissions are set to 400 (Automated)
[1;34m[INFO][0m       * No TLS Key found
[1;32m[PASS][0m 3.15 - Ensure that the Docker socket file ownership is set to root:docker (Automated)
[1;32m[PASS][0m 3.16 - Ensure that the Docker socket file permissions are set to 660 or more restrictively (Automated)
[1;32m[PASS][0m 3.17 - Ensure that the daemon.json file ownership is set to root:root (Automated)
[1;32m[PASS][0m 3.18 - Ensure that daemon.json file permissions are set to 644 or more restrictive (Automated)
[1;34m[INFO][0m 3.19 - Ensure that the /etc/default/docker file ownership is set to root:root (Automated)
[1;34m[INFO][0m       * File not found
[1;34m[INFO][0m 3.20 - Ensure that the /etc/default/docker file permissions are set to 644 or more restrictively (Automated)
[1;34m[INFO][0m       * File not found
[1;34m[INFO][0m 3.21 - Ensure that the /etc/sysconfig/docker file permissions are set to 644 or more restrictively (Automated)
[1;34m[INFO][0m       * File not found
[1;34m[INFO][0m 3.22 - Ensure that the /etc/sysconfig/docker file ownership is set to root:root (Automated)
[1;34m[INFO][0m       * File not found
[1;34m[INFO][0m 3.23 - Ensure that the Containerd socket file ownership is set to root:root (Automated)
[1;34m[INFO][0m       * File not found
[1;34m[INFO][0m 3.24 - Ensure that the Containerd socket file permissions are set to 660 or more restrictively (Automated)
[1;34m[INFO][0m       * File not found

[1;34m[INFO][0m 4 - Container Images and Build File
[1;31m[WARN][0m 4.1 - Ensure that a user for the container has been created (Automated)
[1;31m[WARN][0m      * Running as root: infallible_saha
[1;31m[WARN][0m      * Running as root: holmesgpt-am1
[1;31m[WARN][0m      * Running as root: deploy-postgres-1
[1;31m[WARN][0m      * Running as root: load-generator
[1;31m[WARN][0m      * Running as root: recommendation
[1;31m[WARN][0m      * Running as root: cart
[1;31m[WARN][0m      * Running as root: ad
[1;31m[WARN][0m      * Running as root: flagd-ui
[1;31m[WARN][0m      * Running as root: currency
[1;31m[WARN][0m      * Running as root: email
[1;31m[WARN][0m      * Running as root: astronomy-db
[1;31m[WARN][0m      * Running as root: echo-receiver
[1;33m[NOTE][0m 4.2 - Ensure that containers use only trusted base images (Manual)
[1;33m[NOTE][0m 4.3 - Ensure that unnecessary packages are not installed in the container (Manual)
[1;33m[NOTE][0m 4.4 - Ensure images are scanned and rebuilt to include security patches (Manual)
[1;31m[WARN][0m 4.5 - Ensure Content trust for Docker is Enabled (Automated)
[1;31m[WARN][0m 4.6 - Ensure that HEALTHCHECK instructions have been added to container images (Automated)
[1;31m[WARN][0m      * No Healthcheck found: [pr-agent/control-app:0.0.1-SNAPSHOT]
[1;31m[WARN][0m      * No Healthcheck found: 7f089a6ba5c8
[1;31m[WARN][0m      * No Healthcheck found: 497b45a831e4
[1;31m[WARN][0m      * No Healthcheck found: b7cffc1f6b2c
[1;31m[WARN][0m      * No Healthcheck found: 6ca0d97dfcc7
[1;31m[WARN][0m      * No Healthcheck found: ebcb624d2b18
[1;31m[WARN][0m      * No Healthcheck found: [local/holmesgpt:am1-http]
[1;31m[WARN][0m      * No Healthcheck found: [local/holmesgpt:am0]
[1;31m[WARN][0m      * No Healthcheck found: [ghcr.io/open-telemetry/demo:latest-currency]
[1;31m[WARN][0m      * No Healthcheck found: [ghcr.io/open-telemetry/demo:latest-frontend]
[1;31m[WARN][0m      * No Healthcheck found: [ghcr.io/open-telemetry/demo:latest-load-generator]
[1;31m[WARN][0m      * No Healthcheck found: [ghcr.io/open-telemetry/demo:latest-email]
[1;31m[WARN][0m      * No Healthcheck found: [ghcr.io/open-telemetry/demo:latest-frontend-proxy]
[1;31m[WARN][0m      * No Healthcheck found: [ghcr.io/open-telemetry/demo:latest-shipping]
[1;31m[WARN][0m      * No Healthcheck found: [ghcr.io/open-telemetry/demo:latest-flagd-ui]
[1;31m[WARN][0m      * No Healthcheck found: [ghcr.io/open-telemetry/demo:latest-quote]
[1;31m[WARN][0m      * No Healthcheck found: 2c90258073e0
[1;31m[WARN][0m      * No Healthcheck found: 488a53aafc3e
[1;31m[WARN][0m      * No Healthcheck found: [pr-agent/publisher-app:0.0.1-SNAPSHOT]
[1;31m[WARN][0m      * No Healthcheck found: e17ba6bf6104
[1;31m[WARN][0m      * No Healthcheck found: 6365f2ddc339
[1;31m[WARN][0m      * No Healthcheck found: [ghcr.io/open-telemetry/demo:latest-checkout]
[1;31m[WARN][0m      * No Healthcheck found: [ghcr.io/open-telemetry/demo:latest-product-catalog]
[1;31m[WARN][0m      * No Healthcheck found: [ghcr.io/open-telemetry/demo:latest-ad]
[1;31m[WARN][0m      * No Healthcheck found: [ghcr.io/open-telemetry/demo:latest-payment]
[1;31m[WARN][0m      * No Healthcheck found: [ghcr.io/open-telemetry/demo:latest-recommendation]
[1;31m[WARN][0m      * No Healthcheck found: [ghcr.io/open-telemetry/demo:latest-image-provider]
[1;31m[WARN][0m      * No Healthcheck found: [ghcr.io/open-telemetry/demo:latest-cart]
[1;31m[WARN][0m      * No Healthcheck found: [ghcr.io/open-telemetry/demo:latest-telemetry-docs]
[1;31m[WARN][0m      * No Healthcheck found: b74e892e5d94
[1;31m[WARN][0m      * No Healthcheck found: [python:3.12-alpine]
[1;31m[WARN][0m      * No Healthcheck found: 1e9d816584e6
[1;31m[WARN][0m      * No Healthcheck found: a66007d84f78
[1;31m[WARN][0m      * No Healthcheck found: 8d21ec7c74ad
[1;31m[WARN][0m      * No Healthcheck found: [docker:cli]
[1;31m[WARN][0m      * No Healthcheck found: 2995271c8b78
[1;31m[WARN][0m      * No Healthcheck found: 4bc354e00ed9
[1;31m[WARN][0m      * No Healthcheck found: c8f6fc886cd5
[1;31m[WARN][0m      * No Healthcheck found: 32754da2fa90
[1;31m[WARN][0m      * No Healthcheck found: 7d1742997453
[1;31m[WARN][0m      * No Healthcheck found: c2026199effa
[1;31m[WARN][0m      * No Healthcheck found: 2ac7a26f1e6f
[1;31m[WARN][0m      * No Healthcheck found: 5d956e4ec66d
[1;31m[WARN][0m      * No Healthcheck found: 45ae1f981f2d
[1;31m[WARN][0m      * No Healthcheck found: c66edf819912
[1;31m[WARN][0m      * No Healthcheck found: 93aface1293c
[1;31m[WARN][0m      * No Healthcheck found: cf9e7f3c25f8
[1;31m[WARN][0m      * No Healthcheck found: e5565d89e7f5
[1;31m[WARN][0m      * No Healthcheck found: 7d7b70db29fe
[1;31m[WARN][0m      * No Healthcheck found: 3fbcf6a5ba57
[1;31m[WARN][0m      * No Healthcheck found: bae57e5d405b
[1;31m[WARN][0m      * No Healthcheck found: 890daffde939
[1;31m[WARN][0m      * No Healthcheck found: 476a8efcf122
[1;31m[WARN][0m      * No Healthcheck found: 3d82117de1d4
[1;31m[WARN][0m      * No Healthcheck found: 68a56b055e70
[1;31m[WARN][0m      * No Healthcheck found: dfcb880e6982
[1;31m[WARN][0m      * No Healthcheck found: ab9f7a48ab70
[1;31m[WARN][0m      * No Healthcheck found: ef1dc140e266
[1;31m[WARN][0m      * No Healthcheck found: 0db8dea8f572
[1;31m[WARN][0m      * No Healthcheck found: dd672a5e5d49
[1;31m[WARN][0m      * No Healthcheck found: f2e33e9b29fa
[1;31m[WARN][0m      * No Healthcheck found: [maven:3.9-eclipse-temurin-21]
[1;31m[WARN][0m      * No Healthcheck found: [eclipse-temurin:21-jre]
[1;31m[WARN][0m      * No Healthcheck found: [ghcr.io/open-telemetry/opentelemetry-collector-releases/opentelemetry-collector-contrib:0.159.0]
[1;31m[WARN][0m      * No Healthcheck found: [prom/alertmanager:latest]
[1;31m[WARN][0m      * No Healthcheck found: [postgres:16-alpine]
[1;31m[WARN][0m      * No Healthcheck found: [postgres:18.4]
[1;31m[WARN][0m      * No Healthcheck found: [redis:7-alpine]
[1;31m[WARN][0m      * No Healthcheck found: [ghcr.io/valkey-io/valkey:9.0.4-alpine3.23]
[1;31m[WARN][0m      * No Healthcheck found: [quay.io/prometheus/prometheus:v3.13.1]
[1;31m[WARN][0m      * No Healthcheck found: [alpine:latest]
[1;31m[WARN][0m      * No Healthcheck found: [ghcr.io/open-feature/flagd:v0.16.0]
[1;31m[WARN][0m      * No Healthcheck found: [mongo:5.0]
[1;31m[WARN][0m      * No Healthcheck found: [alerta/alerta-web:latest]
[1;31m[WARN][0m      * No Healthcheck found: [apache/hertzbeat:latest]
[1;31m[WARN][0m      * No Healthcheck found: [maven:3.9.9-eclipse-temurin-17]
[1;31m[WARN][0m      * No Healthcheck found: [curlimages/curl:8.12.1]
[1;31m[WARN][0m      * No Healthcheck found: [minio/minio:RELEASE.2024-12-18T13-15-44Z]
[1;31m[WARN][0m      * No Healthcheck found: [flyway/flyway:10-alpine]
[1;31m[WARN][0m      * No Healthcheck found: [testcontainers/ryuk:0.11.0]
[1;31m[WARN][0m      * No Healthcheck found: [mysql:5.7]
[1;31m[WARN][0m      * No Healthcheck found: [rabbitmq:3.10-management]
[1;31m[WARN][0m      * No Healthcheck found: [nacos/nacos-server:v2.1.0]
[1;34m[INFO][0m 4.7 - Ensure update instructions are not used alone in the Dockerfile (Manual)
[1;34m[INFO][0m      * Update instruction found: [pr-agent/control-app:0.0.1-SNAPSHOT]
[1;34m[INFO][0m      * Update instruction found: [local/holmesgpt:am1-http]
[1;34m[INFO][0m      * Update instruction found: [local/holmesgpt:am0]
[1;34m[INFO][0m      * Update instruction found: [ghcr.io/open-telemetry/demo:latest-currency]
[1;34m[INFO][0m      * Update instruction found: [ghcr.io/open-telemetry/demo:latest-load-generator]
[1;34m[INFO][0m      * Update instruction found: [ghcr.io/open-telemetry/demo:latest-frontend-proxy]
[1;34m[INFO][0m      * Update instruction found: [ghcr.io/open-telemetry/demo:latest-flagd-ui]
[1;34m[INFO][0m      * Update instruction found: [pr-agent/publisher-app:0.0.1-SNAPSHOT]
[1;34m[INFO][0m      * Update instruction found: [ghcr.io/open-telemetry/demo:latest-ad]
[1;34m[INFO][0m      * Update instruction found: [maven:3.9-eclipse-temurin-21]
[1;34m[INFO][0m      * Update instruction found: [eclipse-temurin:21-jre]
[1;34m[INFO][0m      * Update instruction found: [postgres:18.4]
[1;34m[INFO][0m      * Update instruction found: [mongo:5.0]
[1;34m[INFO][0m      * Update instruction found: [alerta/alerta-web:latest]
[1;34m[INFO][0m      * Update instruction found: [apache/hertzbeat:latest]
[1;34m[INFO][0m      * Update instruction found: [wiremock/wiremock:3.13.1]
[1;34m[INFO][0m      * Update instruction found: [maven:3.9.9-eclipse-temurin-17]
[1;34m[INFO][0m      * Update instruction found: [wiremock/wiremock:3.9.1]
[1;33m[NOTE][0m 4.8 - Ensure setuid and setgid permissions are removed (Manual)
[1;34m[INFO][0m 4.9 - Ensure that COPY is used instead of ADD in Dockerfiles (Manual)
[1;34m[INFO][0m      * ADD in image history: [ghcr.io/open-telemetry/demo:latest-frontend-proxy]
[1;34m[INFO][0m      * ADD in image history: [ghcr.io/open-telemetry/demo:latest-ad]
[1;34m[INFO][0m      * ADD in image history: [maven:3.9-eclipse-temurin-21]
[1;34m[INFO][0m      * ADD in image history: [mongo:5.0]
[1;34m[INFO][0m      * ADD in image history: [alerta/alerta-web:latest]
[1;34m[INFO][0m      * ADD in image history: [apache/hertzbeat:latest]
[1;34m[INFO][0m      * ADD in image history: [wiremock/wiremock:3.13.1]
[1;34m[INFO][0m      * ADD in image history: [maven:3.9.9-eclipse-temurin-17]
[1;34m[INFO][0m      * ADD in image history: [wiremock/wiremock:3.9.1]
[1;34m[INFO][0m      * ADD in image history: [rabbitmq:3.10-management]
[1;34m[INFO][0m      * ADD in image history: [nacos/nacos-server:v2.1.0]
[1;33m[NOTE][0m 4.10 - Ensure secrets are not stored in Dockerfiles (Manual)
[1;33m[NOTE][0m 4.11 - Ensure only verified packages are installed (Manual)
[1;33m[NOTE][0m 4.12 - Ensure all signed artifacts are validated (Manual)

[1;34m[INFO][0m 5 - Container Runtime
[1;32m[PASS][0m 5.1 - Ensure swarm mode is not Enabled, if not needed (Automated)
[1;31m[WARN][0m 5.2 - Ensure that, if applicable, an AppArmor Profile is enabled (Automated)
[1;31m[WARN][0m      * No AppArmorProfile Found: infallible_saha
[1;31m[WARN][0m      * No AppArmorProfile Found: deploy-control-app-1
[1;31m[WARN][0m      * No AppArmorProfile Found: alertmanager-am0
[1;31m[WARN][0m      * No AppArmorProfile Found: holmesgpt-am1
[1;31m[WARN][0m      * No AppArmorProfile Found: deploy-postgres-1
[1;31m[WARN][0m      * No AppArmorProfile Found: prometheus-am0
[1;31m[WARN][0m      * No AppArmorProfile Found: otel-collector
[1;31m[WARN][0m      * No AppArmorProfile Found: frontend-proxy
[1;31m[WARN][0m      * No AppArmorProfile Found: load-generator
[1;31m[WARN][0m      * No AppArmorProfile Found: frontend
[1;31m[WARN][0m      * No AppArmorProfile Found: recommendation
[1;31m[WARN][0m      * No AppArmorProfile Found: checkout
[1;31m[WARN][0m      * No AppArmorProfile Found: product-catalog
[1;31m[WARN][0m      * No AppArmorProfile Found: cart
[1;31m[WARN][0m      * No AppArmorProfile Found: shipping
[1;31m[WARN][0m      * No AppArmorProfile Found: ad
[1;31m[WARN][0m      * No AppArmorProfile Found: payment
[1;31m[WARN][0m      * No AppArmorProfile Found: flagd-ui
[1;31m[WARN][0m      * No AppArmorProfile Found: currency
[1;31m[WARN][0m      * No AppArmorProfile Found: quote
[1;31m[WARN][0m      * No AppArmorProfile Found: email
[1;31m[WARN][0m      * No AppArmorProfile Found: image-provider
[1;31m[WARN][0m      * No AppArmorProfile Found: astronomy-db
[1;31m[WARN][0m      * No AppArmorProfile Found: flagd
[1;31m[WARN][0m      * No AppArmorProfile Found: telemetry-docs
[1;31m[WARN][0m      * No AppArmorProfile Found: valkey-cart
[1;31m[WARN][0m      * No AppArmorProfile Found: echo-receiver
[1;31m[WARN][0m 5.3 - Ensure that, if applicable, SELinux security options are set (Automated)
[1;31m[WARN][0m      * No SecurityOptions Found: infallible_saha
[1;31m[WARN][0m      * No SecurityOptions Found: alertmanager-am0
[1;31m[WARN][0m      * No SecurityOptions Found: prometheus-am0
[1;31m[WARN][0m      * No SecurityOptions Found: otel-collector
[1;31m[WARN][0m      * No SecurityOptions Found: frontend-proxy
[1;31m[WARN][0m      * No SecurityOptions Found: load-generator
[1;31m[WARN][0m      * No SecurityOptions Found: frontend
[1;31m[WARN][0m      * No SecurityOptions Found: recommendation
[1;31m[WARN][0m      * No SecurityOptions Found: checkout
[1;31m[WARN][0m      * No SecurityOptions Found: product-catalog
[1;31m[WARN][0m      * No SecurityOptions Found: cart
[1;31m[WARN][0m      * No SecurityOptions Found: shipping
[1;31m[WARN][0m      * No SecurityOptions Found: ad
[1;31m[WARN][0m      * No SecurityOptions Found: payment
[1;31m[WARN][0m      * No SecurityOptions Found: flagd-ui
[1;31m[WARN][0m      * No SecurityOptions Found: currency
[1;31m[WARN][0m      * No SecurityOptions Found: quote
[1;31m[WARN][0m      * No SecurityOptions Found: email
[1;31m[WARN][0m      * No SecurityOptions Found: image-provider
[1;31m[WARN][0m      * No SecurityOptions Found: astronomy-db
[1;31m[WARN][0m      * No SecurityOptions Found: flagd
[1;31m[WARN][0m      * No SecurityOptions Found: telemetry-docs
[1;31m[WARN][0m      * No SecurityOptions Found: valkey-cart
[1;31m[WARN][0m      * No SecurityOptions Found: echo-receiver
[1;32m[PASS][0m 5.4 - Ensure that Linux kernel capabilities are restricted within containers (Automated)
[1;32m[PASS][0m 5.5 - Ensure that privileged containers are not used (Automated)
[1;31m[WARN][0m 5.6 - Ensure sensitive host system directories are not mounted on containers (Automated)
[1;31m[WARN][0m      * Sensitive directory / mounted in: otel-collector
[1;32m[PASS][0m 5.7 - Ensure sshd is not run within containers (Automated)
[1;32m[PASS][0m 5.8 - Ensure privileged ports are not mapped within containers (Automated)
[1;31m[WARN][0m 5.9 - Ensure that only needed ports are open on the container (Manual)
[1;31m[WARN][0m      * Port in use: 8080 in deploy-control-app-1
[1;31m[WARN][0m      * Port in use: 9093 in alertmanager-am0
[1;31m[WARN][0m      * Port in use: 9090 in prometheus-am0
[1;31m[WARN][0m      * Port in use: 4317 in otel-collector
[1;31m[WARN][0m      * Port in use: 4318 in otel-collector
[1;31m[WARN][0m      * Port in use: 9464 in otel-collector
[1;31m[WARN][0m      * Port in use: 18080 in frontend-proxy
[1;31m[WARN][0m      * Port in use: 10000 in frontend-proxy
[1;31m[WARN][0m      * Port in use: 4000 in flagd-ui
[1;31m[WARN][0m      * Port in use: 8013 in flagd
[1;31m[WARN][0m      * Port in use: 8016 in flagd
[1;31m[WARN][0m      * Port in use: 9199 in echo-receiver
[1;32m[PASS][0m 5.10 - Ensure that the host's network namespace is not shared (Automated)
[1;31m[WARN][0m 5.11 - Ensure that the memory usage for containers is limited (Automated)
[1;31m[WARN][0m       * Container running without memory restrictions: alertmanager-am0
[1;31m[WARN][0m       * Container running without memory restrictions: echo-receiver
[1;31m[WARN][0m 5.12 - Ensure that CPU priority is set appropriately on containers (Automated)
[1;31m[WARN][0m       * Container running without CPU restrictions: infallible_saha
[1;31m[WARN][0m       * Container running without CPU restrictions: alertmanager-am0
[1;31m[WARN][0m       * Container running without CPU restrictions: holmesgpt-am1
[1;31m[WARN][0m       * Container running without CPU restrictions: prometheus-am0
[1;31m[WARN][0m       * Container running without CPU restrictions: otel-collector
[1;31m[WARN][0m       * Container running without CPU restrictions: frontend-proxy
[1;31m[WARN][0m       * Container running without CPU restrictions: load-generator
[1;31m[WARN][0m       * Container running without CPU restrictions: frontend
[1;31m[WARN][0m       * Container running without CPU restrictions: recommendation
[1;31m[WARN][0m       * Container running without CPU restrictions: checkout
[1;31m[WARN][0m       * Container running without CPU restrictions: product-catalog
[1;31m[WARN][0m       * Container running without CPU restrictions: cart
[1;31m[WARN][0m       * Container running without CPU restrictions: shipping
[1;31m[WARN][0m       * Container running without CPU restrictions: ad
[1;31m[WARN][0m       * Container running without CPU restrictions: payment
[1;31m[WARN][0m       * Container running without CPU restrictions: flagd-ui
[1;31m[WARN][0m       * Container running without CPU restrictions: currency
[1;31m[WARN][0m       * Container running without CPU restrictions: quote
[1;31m[WARN][0m       * Container running without CPU restrictions: email
[1;31m[WARN][0m       * Container running without CPU restrictions: image-provider
[1;31m[WARN][0m       * Container running without CPU restrictions: astronomy-db
[1;31m[WARN][0m       * Container running without CPU restrictions: flagd
[1;31m[WARN][0m       * Container running without CPU restrictions: telemetry-docs
[1;31m[WARN][0m       * Container running without CPU restrictions: valkey-cart
[1;31m[WARN][0m       * Container running without CPU restrictions: echo-receiver
[1;31m[WARN][0m 5.13 - Ensure that the container's root filesystem is mounted as read only (Automated)
[1;31m[WARN][0m       * Container running with root FS mounted R/W: infallible_saha
[1;31m[WARN][0m       * Container running with root FS mounted R/W: alertmanager-am0
[1;31m[WARN][0m       * Container running with root FS mounted R/W: holmesgpt-am1
[1;31m[WARN][0m       * Container running with root FS mounted R/W: deploy-postgres-1
[1;31m[WARN][0m       * Container running with root FS mounted R/W: prometheus-am0
[1;31m[WARN][0m       * Container running with root FS mounted R/W: otel-collector
[1;31m[WARN][0m       * Container running with root FS mounted R/W: frontend-proxy
[1;31m[WARN][0m       * Container running with root FS mounted R/W: load-generator
[1;31m[WARN][0m       * Container running with root FS mounted R/W: frontend
[1;31m[WARN][0m       * Container running with root FS mounted R/W: recommendation
[1;31m[WARN][0m       * Container running with root FS mounted R/W: cart
[1;31m[WARN][0m       * Container running with root FS mounted R/W: ad
[1;31m[WARN][0m       * Container running with root FS mounted R/W: payment
[1;31m[WARN][0m       * Container running with root FS mounted R/W: flagd-ui
[1;31m[WARN][0m       * Container running with root FS mounted R/W: currency
[1;31m[WARN][0m       * Container running with root FS mounted R/W: quote
[1;31m[WARN][0m       * Container running with root FS mounted R/W: email
[1;31m[WARN][0m       * Container running with root FS mounted R/W: image-provider
[1;31m[WARN][0m       * Container running with root FS mounted R/W: astronomy-db
[1;31m[WARN][0m       * Container running with root FS mounted R/W: flagd
[1;31m[WARN][0m       * Container running with root FS mounted R/W: telemetry-docs
[1;31m[WARN][0m       * Container running with root FS mounted R/W: valkey-cart
[1;31m[WARN][0m       * Container running with root FS mounted R/W: echo-receiver
[1;32m[PASS][0m 5.14 - Ensure that incoming container traffic is bound to a specific host interface (Automated)
[1;32m[PASS][0m 5.15 - Ensure that the 'on-failure' container restart policy is set to '5' (Automated)
[1;32m[PASS][0m 5.16 - Ensure that the host's process namespace is not shared (Automated)
[1;32m[PASS][0m 5.17 - Ensure that the host's IPC namespace is not shared (Automated)
[1;32m[PASS][0m 5.18 - Ensure that host devices are not directly exposed to containers (Manual)
[1;34m[INFO][0m 5.19 - Ensure that the default ulimit is overwritten at runtime if needed (Manual)
[1;34m[INFO][0m       * Container no default ulimit override: infallible_saha
[1;34m[INFO][0m       * Container no default ulimit override: deploy-control-app-1
[1;34m[INFO][0m       * Container no default ulimit override: alertmanager-am0
[1;34m[INFO][0m       * Container no default ulimit override: holmesgpt-am1
[1;34m[INFO][0m       * Container no default ulimit override: deploy-postgres-1
[1;34m[INFO][0m       * Container no default ulimit override: prometheus-am0
[1;34m[INFO][0m       * Container no default ulimit override: otel-collector
[1;34m[INFO][0m       * Container no default ulimit override: frontend-proxy
[1;34m[INFO][0m       * Container no default ulimit override: load-generator
[1;34m[INFO][0m       * Container no default ulimit override: frontend
[1;34m[INFO][0m       * Container no default ulimit override: recommendation
[1;34m[INFO][0m       * Container no default ulimit override: checkout
[1;34m[INFO][0m       * Container no default ulimit override: product-catalog
[1;34m[INFO][0m       * Container no default ulimit override: cart
[1;34m[INFO][0m       * Container no default ulimit override: shipping
[1;34m[INFO][0m       * Container no default ulimit override: ad
[1;34m[INFO][0m       * Container no default ulimit override: payment
[1;34m[INFO][0m       * Container no default ulimit override: flagd-ui
[1;34m[INFO][0m       * Container no default ulimit override: currency
[1;34m[INFO][0m       * Container no default ulimit override: quote
[1;34m[INFO][0m       * Container no default ulimit override: email
[1;34m[INFO][0m       * Container no default ulimit override: image-provider
[1;34m[INFO][0m       * Container no default ulimit override: astronomy-db
[1;34m[INFO][0m       * Container no default ulimit override: flagd
[1;34m[INFO][0m       * Container no default ulimit override: telemetry-docs
[1;34m[INFO][0m       * Container no default ulimit override: valkey-cart
[1;34m[INFO][0m       * Container no default ulimit override: echo-receiver
[1;32m[PASS][0m 5.20 - Ensure mount propagation mode is not set to shared (Automated)
[1;32m[PASS][0m 5.21 - Ensure that the host's UTS namespace is not shared (Automated)
[1;31m[WARN][0m 5.22 - Ensure the default seccomp profile is not Disabled (Automated)
[1;31m[WARN][0m       * Default seccomp profile disabled: deploy-postgres-1
[1;33m[NOTE][0m 5.23 - Ensure that docker exec commands are not used with the privileged option (Automated)
[1;33m[NOTE][0m 5.24 - Ensure that docker exec commands are not used with the user=root option (Manual)
[1;32m[PASS][0m 5.25 - Ensure that cgroup usage is confirmed (Automated)
[1;31m[WARN][0m 5.26 - Ensure that the container is restricted from acquiring additional privileges (Automated)
[1;31m[WARN][0m       * Privileges not restricted: infallible_saha
[1;31m[WARN][0m       * Privileges not restricted: alertmanager-am0
[1;31m[WARN][0m       * Privileges not restricted: deploy-postgres-1
[1;31m[WARN][0m       * Privileges not restricted: prometheus-am0
[1;31m[WARN][0m       * Privileges not restricted: otel-collector
[1;31m[WARN][0m       * Privileges not restricted: frontend-proxy
[1;31m[WARN][0m       * Privileges not restricted: load-generator
[1;31m[WARN][0m       * Privileges not restricted: frontend
[1;31m[WARN][0m       * Privileges not restricted: recommendation
[1;31m[WARN][0m       * Privileges not restricted: checkout
[1;31m[WARN][0m       * Privileges not restricted: product-catalog
[1;31m[WARN][0m       * Privileges not restricted: cart
[1;31m[WARN][0m       * Privileges not restricted: shipping
[1;31m[WARN][0m       * Privileges not restricted: ad
[1;31m[WARN][0m       * Privileges not restricted: payment
[1;31m[WARN][0m       * Privileges not restricted: flagd-ui
[1;31m[WARN][0m       * Privileges not restricted: currency
[1;31m[WARN][0m       * Privileges not restricted: quote
[1;31m[WARN][0m       * Privileges not restricted: email
[1;31m[WARN][0m       * Privileges not restricted: image-provider
[1;31m[WARN][0m       * Privileges not restricted: astronomy-db
[1;31m[WARN][0m       * Privileges not restricted: flagd
[1;31m[WARN][0m       * Privileges not restricted: telemetry-docs
[1;31m[WARN][0m       * Privileges not restricted: valkey-cart
[1;31m[WARN][0m       * Privileges not restricted: echo-receiver
[1;31m[WARN][0m 5.27 - Ensure that container health is checked at runtime (Automated)
[1;31m[WARN][0m       * Health check not set: infallible_saha
[1;31m[WARN][0m       * Health check not set: deploy-control-app-1
[1;31m[WARN][0m       * Health check not set: alertmanager-am0
[1;31m[WARN][0m       * Health check not set: holmesgpt-am1
[1;31m[WARN][0m       * Health check not set: prometheus-am0
[1;31m[WARN][0m       * Health check not set: otel-collector
[1;31m[WARN][0m       * Health check not set: cart
[1;31m[WARN][0m       * Health check not set: flagd
[1;34m[INFO][0m 5.28 - Ensure that Docker commands always make use of the latest version of their image (Manual)
[1;31m[WARN][0m 5.29 - Ensure that the PIDs cgroup limit is used (Automated)
[1;31m[WARN][0m       * PIDs limit not set: infallible_saha
[1;31m[WARN][0m       * PIDs limit not set: deploy-control-app-1
[1;31m[WARN][0m       * PIDs limit not set: alertmanager-am0
[1;31m[WARN][0m       * PIDs limit not set: holmesgpt-am1
[1;31m[WARN][0m       * PIDs limit not set: deploy-postgres-1
[1;31m[WARN][0m       * PIDs limit not set: prometheus-am0
[1;31m[WARN][0m       * PIDs limit not set: otel-collector
[1;31m[WARN][0m       * PIDs limit not set: frontend-proxy
[1;31m[WARN][0m       * PIDs limit not set: load-generator
[1;31m[WARN][0m       * PIDs limit not set: frontend
[1;31m[WARN][0m       * PIDs limit not set: recommendation
[1;31m[WARN][0m       * PIDs limit not set: checkout
[1;31m[WARN][0m       * PIDs limit not set: product-catalog
[1;31m[WARN][0m       * PIDs limit not set: cart
[1;31m[WARN][0m       * PIDs limit not set: shipping
[1;31m[WARN][0m       * PIDs limit not set: ad
[1;31m[WARN][0m       * PIDs limit not set: payment
[1;31m[WARN][0m       * PIDs limit not set: flagd-ui
[1;31m[WARN][0m       * PIDs limit not set: currency
[1;31m[WARN][0m       * PIDs limit not set: quote
[1;31m[WARN][0m       * PIDs limit not set: email
[1;31m[WARN][0m       * PIDs limit not set: image-provider
[1;31m[WARN][0m       * PIDs limit not set: astronomy-db
[1;31m[WARN][0m       * PIDs limit not set: flagd
[1;31m[WARN][0m       * PIDs limit not set: telemetry-docs
[1;31m[WARN][0m       * PIDs limit not set: valkey-cart
[1;31m[WARN][0m       * PIDs limit not set: echo-receiver
[1;34m[INFO][0m 5.30 - Ensure that Docker's default bridge 'docker0' is not used (Manual)
[1;34m[INFO][0m       * Container in docker0 network: infallible_saha
[1;32m[PASS][0m 5.31 - Ensure that the host's user namespaces are not shared (Automated)
[1;31m[WARN][0m 5.32 - Ensure that the Docker socket is not mounted inside any containers (Automated)
[1;31m[WARN][0m       * Docker socket shared: otel-collector

[1;34m[INFO][0m 6 - Docker Security Operations
[1;34m[INFO][0m 6.1 - Ensure that image sprawl is avoided (Manual)
[1;34m[INFO][0m      * There are currently: 87 images
[1;34m[INFO][0m      * Only 29 out of 87 are in use
[1;34m[INFO][0m 6.2 - Ensure that container sprawl is avoided (Manual)
[1;34m[INFO][0m      * There are currently a total of 29 containers, with 28 of them currently running

[1;34m[INFO][0m 7 - Docker Swarm Configuration
[1;32m[PASS][0m 7.1 - Ensure that the minimum number of manager nodes have been created in a swarm (Automated) (Swarm mode not enabled)
[1;32m[PASS][0m 7.2 - Ensure that swarm services are bound to a specific host interface (Automated) (Swarm mode not enabled)
[1;32m[PASS][0m 7.3 - Ensure that all Docker swarm overlay networks are encrypted (Automated)
[1;32m[PASS][0m 7.4 - Ensure that Docker's secret management commands are used for managing secrets in a swarm cluster (Manual) (Swarm mode not enabled)
[1;32m[PASS][0m 7.5 - Ensure that swarm manager is run in auto-lock mode (Automated) (Swarm mode not enabled)
[1;32m[PASS][0m 7.6 - Ensure that the swarm manager auto-lock key is rotated periodically (Manual) (Swarm mode not enabled)
[1;32m[PASS][0m 7.7 - Ensure that node certificates are rotated as appropriate (Manual) (Swarm mode not enabled)
[1;32m[PASS][0m 7.8 - Ensure that CA certificates are rotated as appropriate (Manual) (Swarm mode not enabled)
[1;32m[PASS][0m 7.9 - Ensure that management plane traffic is separated from data plane traffic (Manual) (Swarm mode not enabled)


[1;33mSection B - Remediation measures[0m

[1;34m[INFO][0m 1 - Host Configuration
[1;34m[INFO][0m 1.1.1 - For new installations, you should create a separate partition for the /var/lib/docker mount point. For systems that have already been installed, you should use the Logical Volume Manager (LVM) within Linux to create a new partition. Remediation Impact: None.
[1;34m[INFO][0m 1.1.2 - You should remove any untrusted users from the docker group using command sudo gpasswd -d <your-user> docker or add trusted users to the docker group using command sudo usermod -aG docker <your-user>. You should not create a mapping of sensitive directories from the host to container volumes. Remediation Impact: Only trust user are allow to build and execute containers as normal user.
[1;34m[INFO][0m 1.1.3 - Install auditd. Add -w /usr/bin/dockerd -k docker to the /etc/audit/rules.d/audit.rules file. Then restart the audit daemon using command service auditd restart. Remediation Impact: Audit can generate large log files. So you need to make sure that they are rotated and archived periodically. Create a separate partition for audit logs to avoid filling up other critical partitions.
[1;34m[INFO][0m 1.1.4 - Install auditd. Add -a exit,always -F path=/run/containerd -F perm=war -k docker to the /etc/audit/rules.d/audit.rules file. Then restart the audit daemon using command service auditd restart. Remediation Impact: Audit can generate large log files. So you need to make sure that they are rotated and archived periodically. Create a separate partition for audit logs to avoid filling up other critical partitions.
[1;34m[INFO][0m 1.1.5 - Install auditd. Add -w /var/lib/docker -k docker to the /etc/audit/rules.d/audit.rules file. Then restart the audit daemon using command service auditd restart. Remediation Impact: Audit can generate large log files. So you need to make sure that they are rotated and archived periodically. Create a separate partition for audit logs to avoid filling up other critical partitions.
[1;34m[INFO][0m 1.1.6 - Install auditd. Add -w /etc/docker -k docker to the /etc/audit/rules.d/audit.rules file. Then restart the audit daemon using command service auditd restart. Remediation Impact: Audit can generate large log files. So you need to make sure that they are rotated and archived periodically. Create a separate partition for audit logs to avoid filling up other critical partitions.
[1;34m[INFO][0m 1.1.7 - Install auditd. Add -w  -k docker to the /etc/audit/rules.d/audit.rules file. Then restart the audit daemon using command service auditd restart. Remediation Impact: Audit can generate large log files. So you need to make sure that they are rotated and archived periodically. Create a separate partition for audit logs to avoid filling up other critical partitions.
[1;34m[INFO][0m 1.1.8 - Install auditd. Add -w  -k docker to the /etc/audit/rules.d/audit.rules file. Then restart the audit daemon using command service auditd restart. Remediation Impact: Audit can generate large log files. So you need to make sure that they are rotated and archived periodically. Create a separate partition for audit logs to avoid filling up other critical partitions.
[1;34m[INFO][0m 1.1.9 - Install auditd. Add -w  -k docker to the /etc/audit/rules.d/audit.rules file. Then restart the audit daemon using command service auditd restart. Remediation Impact: Audit can generate large log files. So you need to make sure that they are rotated and archived periodically. Create a separate partition for audit logs to avoid filling up other critical partitions.
[1;34m[INFO][0m 1.1.10 - Install auditd. Add -w /etc/default/docker -k docker to the /etc/audit/rules.d/audit.rules file. Then restart the audit daemon using command service auditd restart. Remediation Impact: Audit can generate large log files. So you need to make sure that they are rotated and archived periodically. Create a separate partition for audit logs to avoid filling up other critical partitions.
[1;34m[INFO][0m 1.1.11 - Install auditd. Add -w /etc/docker/daemon.json -k docker to the /etc/audit/rules.d/audit.rules file. Then restart the audit daemon using command service auditd restart. Remediation Impact: Audit can generate large log files. So you need to make sure that they are rotated and archived periodically. Create a separate partition for audit logs to avoid filling up other critical partitions.
[1;34m[INFO][0m 1.1.12 - Install auditd. Add -w /etc/containerd/config.toml -k docker to the /etc/audit/rules.d/audit.rules file. Then restart the audit daemon using command service auditd restart. Remediation Impact: Audit can generate large log files. So you need to make sure that they are rotated and archived periodically. Create a separate partition for audit logs to avoid filling up other critical partitions.
[1;34m[INFO][0m 1.1.13 - Install auditd. Add -w /etc/sysconfig/docker -k docker to the /etc/audit/rules.d/audit.rules file. Then restart the audit daemon using command service auditd restart. Remediation Impact: Audit can generate large log files. So you need to make sure that they are rotated and archived periodically. Create a separate partition for audit logs to avoid filling up other critical partitions.
[1;34m[INFO][0m 1.1.14 - Install auditd. Add -w /usr/bin/containerd -k docker to the /etc/audit/rules.d/audit.rules file. Then restart the audit daemon using command service auditd restart. Remediation Impact: Audit can generate large log files. So you need to make sure that they are rotated and archived periodically. Create a separate partition for audit logs to avoid filling up other critical partitions.
[1;34m[INFO][0m 1.1.15 - Install auditd. Add -w /usr/bin/containerd-shim -k docker to the /etc/audit/rules.d/audit.rules file. Then restart the audit daemon using command service auditd restart. Remediation Impact: Audit can generate large log files. So you need to make sure that they are rotated and archived periodically. Create a separate partition for audit logs to avoid filling up other critical partitions.
[1;34m[INFO][0m 1.1.16 - Install auditd. Add -w /usr/bin/containerd-shim-runc-v1 -k docker to the /etc/audit/rules.d/audit.rules file. Then restart the audit daemon using command service auditd restart. Remediation Impact: Audit can generate large log files. So you need to make sure that they are rotated and archived periodically. Create a separate partition for audit logs to avoid filling up other critical partitions.
[1;34m[INFO][0m 1.1.17 - Install auditd. Add -w /usr/bin/containerd-shim-runc-v2 -k docker to the /etc/audit/rules.d/audit.rules file. Then restart the audit daemon using command service auditd restart. Remediation Impact: Audit can generate large log files. So you need to make sure that they are rotated and archived periodically. Create a separate partition for audit logs to avoid filling up other critical partitions.
[1;34m[INFO][0m 1.1.18 - Install auditd. Add -w /usr/bin/runc -k docker to the /etc/audit/rules.d/audit.rules file. Then restart the audit daemon using command service auditd restart. Remediation Impact: Audit can generate large log files. So you need to make sure that they are rotated and archived periodically. Create a separate partition for audit logs to avoid filling up other critical partitions.
[1;34m[INFO][0m 1.2.1 - You may consider various Security Benchmarks for your container host. Remediation Impact: None.
[1;34m[INFO][0m 1.2.2 - You should monitor versions of Docker releases and make sure your software is updated as required. Remediation Impact: You should perform a risk assessment regarding Docker version updates and review how they may impact your operations.

[1;34m[INFO][0m 2 - Docker daemon configuration
[1;34m[INFO][0m 2.1 - Follow the current Dockerdocumentation on how to install the Docker daemon as a non-root user. Remediation Impact: There are multiple prerequisites depending on which distribution that is in use, and also known limitations regarding networking and resource limitation. Running in rootless mode also changes the location of any configuration files in use, including all containers using the daemon.
[1;34m[INFO][0m 2.2 - Edit the Docker daemon configuration file to ensure that inter-container communication is disabled: icc: false. Remediation Impact: Inter-container communication is disabled on the default network bridge. If any communication between containers on the same host is desired, it needs to be explicitly defined using container linking or custom networks.
[1;34m[INFO][0m 2.7 - Follow the steps mentioned in the Docker documentation or other references. By default, TLS authentication is not configured. Remediation Impact: You would need to manage and guard certificates and keys for the Docker daemon and Docker clients.
[1;34m[INFO][0m 2.8 - Run Docker in daemon mode and pass --default-ulimit as option with respective ulimits as appropriate in your environment and in line with your security policy. Example: dockerd --default-ulimit nproc=1024:2048 --default-ulimit nofile=100:200 Remediation Impact: If ulimits are set incorrectly this could cause issues with system resources, possibly causing a denial of service condition.
[1;34m[INFO][0m 2.9 - Please consult the Docker documentation for various ways in which this can be configured depending upon your requirements. The high-level steps are: Ensure that the files /etc/subuid and /etc/subgid exist. Start the docker daemon with --userns-remap flag. Remediation Impact: User namespace remapping is incompatible with a number of Docker features and also currently breaks some of its functionalities.
[1;34m[INFO][0m 2.12 - Install/Create an authorization plugin. Configure the authorization policy as desired. Start the docker daemon using command dockerd --authorization-plugin=<PLUGIN_ID> Remediation Impact: Each Docker command needs to pass through the authorization plugin mechanism. This may have a performance impact
[1;34m[INFO][0m 2.13 - Set up the desired log driver following its documentation. Start the docker daemon using that logging driver. Example: dockerd --log-driver=syslog --log-opt syslog-address=tcp://192.xxx.xxx.xxx Remediation Impact: None.
[1;34m[INFO][0m 2.14 - You should run the Docker daemon using command: dockerd --no-new-privileges Remediation Impact: no_new_priv prevents LSMs such as SELinux from escalating the privileges of individual containers.
[1;34m[INFO][0m 2.15 - Run Docker in daemon mode and pass --live-restore option. Remediation Impact: None.
[1;34m[INFO][0m 2.16 - You should run the Docker daemon using command: dockerd --userland-proxy=false Remediation Impact: Some systems with older Linux kernels may not be able to support hairpin NAT and therefore require the userland proxy service. Also, some networking setups can be impacted by the removal of the userland proxy.
[1;34m[INFO][0m 2.17 - By default, Docker's default seccomp profile is applied. If this is adequate for your environment, no action is necessary. Remediation Impact: A misconfigured seccomp profile could possibly interrupt your container environment. You should therefore exercise extreme care if you choose to override the default settings.
[1;34m[INFO][0m 2.18 - You should not pass --experimental as a runtime parameter to the Docker daemon on production systems. Remediation Impact: None.

[1;34m[INFO][0m 3 - Docker daemon configuration files
[1;34m[INFO][0m 3.1 - Find out the file location: systemctl show -p FragmentPath docker.service. If the file does not exist, this recommendation is not applicable. If the file does exist, you should run the command chown root:root <path>, in order to set the ownership and group ownership for the file to root. Remediation Impact: None.
[1;34m[INFO][0m 3.2 - Find out the file location: systemctl show -p FragmentPath docker.service. If the file does not exist, this recommendation is not applicable. If the file exists, run the command chmod 644 <path> to set the file permissions to 644. Remediation Impact: None.
[1;34m[INFO][0m 3.3 - Find out the file location: systemctl show -p FragmentPath docker.socket. If the file does not exist, this recommendation is not applicable. If the file exists, run the command chown root:root <path> to set the ownership and group ownership for the file to root. Remediation Impact: None.
[1;34m[INFO][0m 3.4 - Find out the file location: systemctl show -p FragmentPath docker.socket. If the file does not exist, this recommendation is not applicable. If the file does exist, you should run the command chmod 644 <path> to set the file permissions to 644. Remediation Impact: None.
[1;34m[INFO][0m 3.7 - You should run the following command: chown root:root /etc/docker/certs.d/<registry-name>/*. This would set the individual ownership and group ownership for the registry certificate files to root. Remediation Impact: None.
[1;34m[INFO][0m 3.8 - You should run the following command: chmod 444 /etc/docker/certs.d/<registry-name>/*. This would set the permissions for the registry certificate files to 444. Remediation Impact: None.
[1;34m[INFO][0m 3.9 - You should run the following command: chown root:root <path to TLS CA certificate file>. This sets the individual ownership and group ownership for the TLS CA certificate file to root. Remediation Impact: None.
[1;34m[INFO][0m 3.10 - You should run the following command: chmod 444 <path to TLS CA certificate file>. This sets the file permissions on the TLS CA file to 444. Remediation Impact: None.
[1;34m[INFO][0m 3.11 - You should run the following command: chown root:root <path to Docker server certificate file>. This sets the individual ownership and the group ownership for the Docker server certificate file to root. Remediation Impact: None.
[1;34m[INFO][0m 3.12 - You should run the following command: chmod 444 <path to Docker server certificate file>. This sets the file permissions of the Docker server certificate file to 444. Remediation Impact: None.
[1;34m[INFO][0m 3.13 - You should run the following command: chown root:root <path to Docker server certificate key file>. This sets the individual ownership and group ownership for the Docker server certificate key file to root. Remediation Impact: None.
[1;34m[INFO][0m 3.14 - You should run the following command: chmod 400 <path to Docker server certificate key file>. This sets the Docker server certificate key file permissions to 400. Remediation Impact: None.
[1;34m[INFO][0m 3.19 - You should run the following command: chown root:root /etc/default/docker. This sets the ownership and group ownership of the file to root. Remediation Impact: None.
[1;34m[INFO][0m 3.20 - You should run the following command: chmod 644 /etc/default/docker. This sets the file permissions for this file to 644. Remediation Impact: None.
[1;34m[INFO][0m 3.21 - You should run the following command: chmod 644 /etc/sysconfig/docker. This sets the file permissions for this file to 644. Remediation Impact: None.
[1;34m[INFO][0m 3.22 - You should run the following command: chown root:root /etc/sysconfig/docker. This sets the ownership and group ownership for the file to root. Remediation Impact: None.
[1;34m[INFO][0m 3.23 - You should run the following command: chown root:root /run/containerd/containerd.sock. This sets the ownership and group ownership for the file to root. Remediation Impact: None.
[1;34m[INFO][0m 3.24 - You should run the following command: chmod 660 /run/containerd/containerd.sock. This sets the file permissions for this file to 660. Remediation Impact: None.

[1;34m[INFO][0m 4 - Container Images and Build File
[1;34m[INFO][0m 4.1 - You should ensure that the Dockerfile for each container image contains the information: USER <username or ID>. If there is no specific user created in the container base image, then make use of the useradd command to add a specific user before the USER instruction in the Dockerfile. Remediation Impact: Running as a non-root user can present challenges where you wish to bind mount volumes from the underlying host. In this case, care should be taken to ensure that the user running the contained process can read and write to the bound directory, according to their requirements.
[1;34m[INFO][0m 4.2 - Configure and use Docker Content trust. View the history of each Docker image to evaluate its risk, dependent on the sensitivity of the application you wish to deploy using it. Scan Docker images for vulnerabilities at regular intervals. Remediation Impact: None.
[1;34m[INFO][0m 4.3 - You should not install anything within the container that is not required. You should consider using a minimal base image if you can. Some of the options available include BusyBox and Alpine. Not only can this trim your image size considerably, but there would also be fewer pieces of software which could contain vectors for attack. Remediation Impact: None.
[1;34m[INFO][0m 4.4 - Images should be re-built ensuring that the latest version of the base images are used, to keep the operating system patch level at an appropriate level. Once the images have been re-built, containers should be re-started making use of the updated images. Remediation Impact: None.
[1;34m[INFO][0m 4.5 - Add DOCKER_CONTENT_TRUST variable to the /etc/environment file using command echo DOCKER_CONTENT_TRUST=1 | sudo tee -a /etc/environment. Remediation Impact: This prevents users from working with tagged images unless they contain a signature.
[1;34m[INFO][0m 4.6 - You should follow the Docker documentation and rebuild your container images to include the HEALTHCHECK instruction. Remediation Impact: None.
[1;34m[INFO][0m 4.7 - You should use update instructions together with install instructions and version pinning for packages while installing them. This prevent caching and force the extraction of the required versions. Alternatively, you could use the --no-cache flag during the docker build process to avoid using cached layers. Remediation Impact: None.
[1;34m[INFO][0m 4.8 - You should allow setuid and setgid permissions only on executables which require them. You could remove these permissions at build time by adding the following command in your Dockerfile, preferably towards the end of the Dockerfile: RUN find / -perm /6000 -type f -exec chmod a-s {} ; || true Remediation Impact: The above command would break all executables that depend on setuid or setgid permissions including legitimate ones. You should therefore be careful to modify the command to suit your requirements so that it does not reduce the permissions of legitimate programs excessively. Because of this, you should exercise a degree of caution and examine all processes carefully before making this type of modification in order to avoid outages.
[1;34m[INFO][0m 4.9 - You should use COPY rather than ADD instructions in Dockerfiles. Remediation Impact: Care needs to be taken in implementing this control if the application requires functionality that is part of the ADD instruction, for example, if you need to retrieve files from remote URLS.
[1;34m[INFO][0m 4.10 - Do not store any kind of secrets within Dockerfiles. Where secrets are required during the build process, make use of a secrets management tool, such as the buildkit builder included with Docker. Remediation Impact: A proper secrets management process will be required for Docker image building.
[1;34m[INFO][0m 4.11 - You should use a secure package distribution mechanism of your choice to ensure the authenticity of software packages. Remediation Impact: None.
[1;34m[INFO][0m 4.12 - Validate artifacts signatures before uploading to the package registry. Remediation Impact: None.

[1;34m[INFO][0m 5 - Container Runtime
[1;34m[INFO][0m 5.2 - If AppArmor is applicable for your Linux OS, you should enable it. Alternatively, Docker's default AppArmor policy can be used. Remediation Impact: The container will have the security controls defined in the AppArmor profile. It should be noted that if the AppArmor profile is misconfigured, this may cause issues with the operation of the container.
[1;34m[INFO][0m 5.3 - Set the SELinux State. Set the SELinux Policy. Create or import a SELinux policy template for Docker containers. Start Docker in daemon mode with SELinux enabled. Start your Docker container using the security options. Remediation Impact: Any restrictions defined in the SELinux policy will be applied to your containers. It should be noted that if your SELinux policy is misconfigured, this may have an impact on the correct operation of the affected containers.
[1;34m[INFO][0m 5.6 - You should not mount directories which are security sensitive on the host within containers, especially in read-write mode. Remediation Impact: None.
[1;34m[INFO][0m 5.9 - You should ensure that the Dockerfile for each container image only exposes needed ports. Remediation Impact: None.
[1;34m[INFO][0m 5.11 - You should run the container with only as much memory as it requires by using the --memory argument. Remediation Impact: If correct memory limits are not set on each container, one process can expand its usage and cause other containers to run out of resources.
[1;34m[INFO][0m 5.12 - You should manage the CPU runtime between your containers dependent on their priority within your organization. To do so start the container using the --cpu-shares argument. Remediation Impact: If you do not correctly assign CPU thresholds, the container process may run out of resources and become unresponsive. If CPU resources on the host are not constrainted, CPU shares do not place any restrictions on individual resources.
[1;34m[INFO][0m 5.13 - You should add a --read-only flag at a container's runtime to enforce the container's root filesystem being mounted as read only. Remediation Impact: Enabling --read-only at container runtime may break some container OS packages if a data writing strategy is not defined. You should define what the container's data should and should not persist at runtime in order to decide which strategy to use.
[1;34m[INFO][0m 5.19 - You should only override the default ulimit settings if needed in a specific case. Remediation Impact: If ulimits are not set correctly, overutilization by individual containers could make the host system unusable.
[1;34m[INFO][0m 5.22 - By default, seccomp profiles are enabled. You do not need to do anything unless you want to modify and use a modified seccomp profile. Remediation Impact: With Docker 1.10 and greater, the default seccomp profile blocks syscalls, regardless of -- cap-add passed to the container.
[1;34m[INFO][0m 5.23 - You should not use the --privileged option in docker exec commands. Remediation Impact: If you need enhanced capabilities within a container, then run it with all the permissions it requires. These should be specified individually.
[1;34m[INFO][0m 5.24 - You should not use the --user=root option in docker exec commands. Remediation Impact: None.
[1;34m[INFO][0m 5.26 - You should start your container with the options: docker run --rm -it --security-opt=no-new-privileges ubuntu bash Remediation Impact: The no_new_priv option prevents LSMs like SELinux from allowing processes to acquire new privileges.
[1;34m[INFO][0m 5.27 - You should run the container using the --health-cmd parameter. Remediation Impact: None.
[1;34m[INFO][0m 5.28 - You should use proper version pinning mechanisms (the <latest> tag which is assigned by default is still vulnerable to caching attacks) to avoid extracting cached older versions. Version pinning mechanisms should be used for base images, packages, and entire images. You can customize version pinning rules according to your requirements. Remediation Impact: None.
[1;34m[INFO][0m 5.29 - Use --pids-limit flag with an appropriate value when launching the container. Remediation Impact: Set the PIDs limit value as appropriate. Incorrect values might leave containers unusable.
[1;34m[INFO][0m 5.30 - You should follow the Docker documentation and set up a user-defined network. All the containers should be run in this network. Remediation Impact: User-defined networks need to be configured and managed in line with organizational security policy.
[1;34m[INFO][0m 5.32 - You should ensure that no containers mount docker.sock as a volume. Remediation Impact: None.

[1;34m[INFO][0m 6 - Docker Security Operations
[1;34m[INFO][0m 6.1 - You should keep only the images that you actually need and establish a workflow to remove old or stale images from the host. Additionally, you should use features such as pull-by-digest to get specific images from the registry. Remediation Impact: docker system prune -a removes all exited containers as well as all images and volumes that are not referenced by running containers, including for UCP and DTR.
[1;34m[INFO][0m 6.2 - You should periodically check your container inventory on each host and clean up containers which are not in active use with the command: docker container prune Remediation Impact: You should retain containers that are actively in use, and delete ones which are no longer needed.


[1;33mSection C - Score[0m

[1;34m[INFO][0m Checks: 117
[1;34m[INFO][0m Score: 1

