----------------------------------------
Exception happened during processing of request from ('172.28.0.5', 54892)
Traceback (most recent call last):
  File "/usr/lib64/python3.6/socketserver.py", line 654, in process_request_thread
    self.finish_request(request, client_address)
  File "/usr/lib64/python3.6/socketserver.py", line 364, in finish_request
    self.RequestHandlerClass(request, client_address, self)
  File "/usr/lib64/python3.6/socketserver.py", line 724, in __init__
    self.handle()
  File "/usr/lib64/python3.6/http/server.py", line 420, in handle
    self.handle_one_request()
  File "/usr/lib64/python3.6/http/server.py", line 396, in handle_one_request
    if not self.parse_request():
  File "/usr/lib64/python3.6/http/server.py", line 322, in parse_request
    "Bad request syntax (%r)" % requestline)
  File "/usr/lib64/python3.6/http/server.py", line 473, in send_error
    self.wfile.write(body)
  File "/usr/lib64/python3.6/socketserver.py", line 803, in write
    self._sock.sendall(b)
BrokenPipeError: [Errno 32] Broken pipe
----------------------------------------
----------------------------------------
Exception happened during processing of request from ('172.28.0.5', 51554)
Traceback (most recent call last):
  File "/usr/lib64/python3.6/socketserver.py", line 654, in process_request_thread
    self.finish_request(request, client_address)
  File "/usr/lib64/python3.6/socketserver.py", line 364, in finish_request
    self.RequestHandlerClass(request, client_address, self)
  File "/usr/lib64/python3.6/socketserver.py", line 724, in __init__
    self.handle()
  File "/usr/lib64/python3.6/http/server.py", line 420, in handle
    self.handle_one_request()
  File "/usr/lib64/python3.6/http/server.py", line 396, in handle_one_request
    if not self.parse_request():
  File "/usr/lib64/python3.6/http/server.py", line 322, in parse_request
    "Bad request syntax (%r)" % requestline)
  File "/usr/lib64/python3.6/http/server.py", line 473, in send_error
    self.wfile.write(body)
  File "/usr/lib64/python3.6/socketserver.py", line 803, in write
    self._sock.sendall(b)
BrokenPipeError: [Errno 32] Broken pipe
----------------------------------------
----------------------------------------
Exception happened during processing of request from ('172.28.0.5', 39826)
Traceback (most recent call last):
  File "/usr/lib64/python3.6/socketserver.py", line 654, in process_request_thread
    self.finish_request(request, client_address)
  File "/usr/lib64/python3.6/socketserver.py", line 364, in finish_request
    self.RequestHandlerClass(request, client_address, self)
  File "/usr/lib64/python3.6/socketserver.py", line 724, in __init__
    self.handle()
  File "/usr/lib64/python3.6/http/server.py", line 418, in handle
    self.handle_one_request()
  File "/usr/lib64/python3.6/http/server.py", line 406, in handle_one_request
    method()
  File "/opt/build/rr2224-mock.py", line 70, in do_POST
    self._body(); self._route()
  File "/opt/build/rr2224-mock.py", line 32, in _route
    time.sleep(30); ok(self, CHAT_OK)          # > 测试旋钮 8s：首字节超时
  File "/opt/build/rr2224-mock.py", line 17, in ok
    h.send_header('Content-Length', str(len(body))); h.end_headers(); h.wfile.write(body)
  File "/usr/lib64/python3.6/socketserver.py", line 803, in write
    self._sock.sendall(b)
BrokenPipeError: [Errno 32] Broken pipe
----------------------------------------
----------------------------------------
Exception happened during processing of request from ('172.28.0.5', 40682)
Traceback (most recent call last):
  File "/usr/lib64/python3.6/socketserver.py", line 654, in process_request_thread
    self.finish_request(request, client_address)
  File "/usr/lib64/python3.6/socketserver.py", line 364, in finish_request
    self.RequestHandlerClass(request, client_address, self)
  File "/usr/lib64/python3.6/socketserver.py", line 724, in __init__
    self.handle()
  File "/usr/lib64/python3.6/http/server.py", line 418, in handle
    self.handle_one_request()
  File "/usr/lib64/python3.6/http/server.py", line 406, in handle_one_request
    method()
  File "/opt/build/rr2224-mock.py", line 70, in do_POST
    self._body(); self._route()
  File "/opt/build/rr2224-mock.py", line 32, in _route
    time.sleep(30); ok(self, CHAT_OK)          # > 测试旋钮 8s：首字节超时
  File "/opt/build/rr2224-mock.py", line 17, in ok
    h.send_header('Content-Length', str(len(body))); h.end_headers(); h.wfile.write(body)
  File "/usr/lib64/python3.6/socketserver.py", line 803, in write
    self._sock.sendall(b)
BrokenPipeError: [Errno 32] Broken pipe
----------------------------------------
----------------------------------------
Exception happened during processing of request from ('172.28.0.5', 42268)
Traceback (most recent call last):
  File "/usr/lib64/python3.6/socketserver.py", line 654, in process_request_thread
    self.finish_request(request, client_address)
  File "/usr/lib64/python3.6/socketserver.py", line 364, in finish_request
    self.RequestHandlerClass(request, client_address, self)
  File "/usr/lib64/python3.6/socketserver.py", line 724, in __init__
    self.handle()
  File "/usr/lib64/python3.6/http/server.py", line 418, in handle
    self.handle_one_request()
  File "/usr/lib64/python3.6/http/server.py", line 406, in handle_one_request
    method()
  File "/opt/build/rr2224-mock.py", line 70, in do_POST
    self._body(); self._route()
  File "/opt/build/rr2224-mock.py", line 32, in _route
    time.sleep(30); ok(self, CHAT_OK)          # > 测试旋钮 8s：首字节超时
  File "/opt/build/rr2224-mock.py", line 17, in ok
    h.send_header('Content-Length', str(len(body))); h.end_headers(); h.wfile.write(body)
  File "/usr/lib64/python3.6/socketserver.py", line 803, in write
    self._sock.sendall(b)
BrokenPipeError: [Errno 32] Broken pipe
----------------------------------------
----------------------------------------
Exception happened during processing of request from ('172.28.0.5', 42730)
Traceback (most recent call last):
  File "/usr/lib64/python3.6/socketserver.py", line 654, in process_request_thread
    self.finish_request(request, client_address)
  File "/usr/lib64/python3.6/socketserver.py", line 364, in finish_request
    self.RequestHandlerClass(request, client_address, self)
  File "/usr/lib64/python3.6/socketserver.py", line 724, in __init__
    self.handle()
  File "/usr/lib64/python3.6/http/server.py", line 420, in handle
    self.handle_one_request()
  File "/usr/lib64/python3.6/http/server.py", line 396, in handle_one_request
    if not self.parse_request():
  File "/usr/lib64/python3.6/http/server.py", line 322, in parse_request
    "Bad request syntax (%r)" % requestline)
  File "/usr/lib64/python3.6/http/server.py", line 473, in send_error
    self.wfile.write(body)
  File "/usr/lib64/python3.6/socketserver.py", line 803, in write
    self._sock.sendall(b)
BrokenPipeError: [Errno 32] Broken pipe
----------------------------------------
----------------------------------------
Exception happened during processing of request from ('172.28.0.5', 43576)
Traceback (most recent call last):
  File "/usr/lib64/python3.6/socketserver.py", line 654, in process_request_thread
    self.finish_request(request, client_address)
  File "/usr/lib64/python3.6/socketserver.py", line 364, in finish_request
    self.RequestHandlerClass(request, client_address, self)
  File "/usr/lib64/python3.6/socketserver.py", line 724, in __init__
    self.handle()
  File "/usr/lib64/python3.6/http/server.py", line 420, in handle
    self.handle_one_request()
  File "/usr/lib64/python3.6/http/server.py", line 396, in handle_one_request
    if not self.parse_request():
  File "/usr/lib64/python3.6/http/server.py", line 322, in parse_request
    "Bad request syntax (%r)" % requestline)
  File "/usr/lib64/python3.6/http/server.py", line 473, in send_error
    self.wfile.write(body)
  File "/usr/lib64/python3.6/socketserver.py", line 803, in write
    self._sock.sendall(b)
BrokenPipeError: [Errno 32] Broken pipe
----------------------------------------
----------------------------------------
Exception happened during processing of request from ('172.28.0.5', 45146)
Traceback (most recent call last):
  File "/usr/lib64/python3.6/socketserver.py", line 654, in process_request_thread
    self.finish_request(request, client_address)
  File "/usr/lib64/python3.6/socketserver.py", line 364, in finish_request
    self.RequestHandlerClass(request, client_address, self)
  File "/usr/lib64/python3.6/socketserver.py", line 724, in __init__
    self.handle()
  File "/usr/lib64/python3.6/http/server.py", line 420, in handle
    self.handle_one_request()
  File "/usr/lib64/python3.6/http/server.py", line 396, in handle_one_request
    if not self.parse_request():
  File "/usr/lib64/python3.6/http/server.py", line 322, in parse_request
    "Bad request syntax (%r)" % requestline)
  File "/usr/lib64/python3.6/http/server.py", line 473, in send_error
    self.wfile.write(body)
  File "/usr/lib64/python3.6/socketserver.py", line 803, in write
    self._sock.sendall(b)
BrokenPipeError: [Errno 32] Broken pipe
----------------------------------------
----------------------------------------
Exception happened during processing of request from ('172.28.0.5', 50764)
Traceback (most recent call last):
  File "/usr/lib64/python3.6/socketserver.py", line 654, in process_request_thread
    self.finish_request(request, client_address)
  File "/usr/lib64/python3.6/socketserver.py", line 364, in finish_request
    self.RequestHandlerClass(request, client_address, self)
  File "/usr/lib64/python3.6/socketserver.py", line 724, in __init__
    self.handle()
  File "/usr/lib64/python3.6/http/server.py", line 418, in handle
    self.handle_one_request()
  File "/usr/lib64/python3.6/http/server.py", line 406, in handle_one_request
    method()
  File "/opt/build/rr2224-mock.py", line 70, in do_POST
    self._body(); self._route()
  File "/opt/build/rr2224-mock.py", line 32, in _route
    time.sleep(30); ok(self, CHAT_OK)          # > 测试旋钮 8s：首字节超时
  File "/opt/build/rr2224-mock.py", line 17, in ok
    h.send_header('Content-Length', str(len(body))); h.end_headers(); h.wfile.write(body)
  File "/usr/lib64/python3.6/socketserver.py", line 803, in write
    self._sock.sendall(b)
BrokenPipeError: [Errno 32] Broken pipe
----------------------------------------
----------------------------------------
Exception happened during processing of request from ('172.28.0.5', 51612)
Traceback (most recent call last):
  File "/usr/lib64/python3.6/socketserver.py", line 654, in process_request_thread
    self.finish_request(request, client_address)
  File "/usr/lib64/python3.6/socketserver.py", line 364, in finish_request
    self.RequestHandlerClass(request, client_address, self)
  File "/usr/lib64/python3.6/socketserver.py", line 724, in __init__
    self.handle()
  File "/usr/lib64/python3.6/http/server.py", line 418, in handle
    self.handle_one_request()
  File "/usr/lib64/python3.6/http/server.py", line 406, in handle_one_request
    method()
  File "/opt/build/rr2224-mock.py", line 70, in do_POST
    self._body(); self._route()
  File "/opt/build/rr2224-mock.py", line 32, in _route
    time.sleep(30); ok(self, CHAT_OK)          # > 测试旋钮 8s：首字节超时
  File "/opt/build/rr2224-mock.py", line 17, in ok
    h.send_header('Content-Length', str(len(body))); h.end_headers(); h.wfile.write(body)
  File "/usr/lib64/python3.6/socketserver.py", line 803, in write
    self._sock.sendall(b)
BrokenPipeError: [Errno 32] Broken pipe
----------------------------------------
----------------------------------------
Exception happened during processing of request from ('172.28.0.5', 53186)
Traceback (most recent call last):
  File "/usr/lib64/python3.6/socketserver.py", line 654, in process_request_thread
    self.finish_request(request, client_address)
  File "/usr/lib64/python3.6/socketserver.py", line 364, in finish_request
    self.RequestHandlerClass(request, client_address, self)
  File "/usr/lib64/python3.6/socketserver.py", line 724, in __init__
    self.handle()
  File "/usr/lib64/python3.6/http/server.py", line 418, in handle
    self.handle_one_request()
  File "/usr/lib64/python3.6/http/server.py", line 406, in handle_one_request
    method()
  File "/opt/build/rr2224-mock.py", line 70, in do_POST
    self._body(); self._route()
  File "/opt/build/rr2224-mock.py", line 32, in _route
    time.sleep(30); ok(self, CHAT_OK)          # > 测试旋钮 8s：首字节超时
  File "/opt/build/rr2224-mock.py", line 17, in ok
    h.send_header('Content-Length', str(len(body))); h.end_headers(); h.wfile.write(body)
  File "/usr/lib64/python3.6/socketserver.py", line 803, in write
    self._sock.sendall(b)
BrokenPipeError: [Errno 32] Broken pipe
----------------------------------------
----------------------------------------
Exception happened during processing of request from ('172.28.0.5', 53652)
Traceback (most recent call last):
  File "/usr/lib64/python3.6/socketserver.py", line 654, in process_request_thread
    self.finish_request(request, client_address)
  File "/usr/lib64/python3.6/socketserver.py", line 364, in finish_request
    self.RequestHandlerClass(request, client_address, self)
  File "/usr/lib64/python3.6/socketserver.py", line 724, in __init__
    self.handle()
  File "/usr/lib64/python3.6/http/server.py", line 420, in handle
    self.handle_one_request()
  File "/usr/lib64/python3.6/http/server.py", line 396, in handle_one_request
    if not self.parse_request():
  File "/usr/lib64/python3.6/http/server.py", line 322, in parse_request
    "Bad request syntax (%r)" % requestline)
  File "/usr/lib64/python3.6/http/server.py", line 473, in send_error
    self.wfile.write(body)
  File "/usr/lib64/python3.6/socketserver.py", line 803, in write
    self._sock.sendall(b)
BrokenPipeError: [Errno 32] Broken pipe
----------------------------------------
----------------------------------------
Exception happened during processing of request from ('172.28.0.5', 54502)
Traceback (most recent call last):
  File "/usr/lib64/python3.6/socketserver.py", line 654, in process_request_thread
    self.finish_request(request, client_address)
  File "/usr/lib64/python3.6/socketserver.py", line 364, in finish_request
    self.RequestHandlerClass(request, client_address, self)
  File "/usr/lib64/python3.6/socketserver.py", line 724, in __init__
    self.handle()
  File "/usr/lib64/python3.6/http/server.py", line 420, in handle
    self.handle_one_request()
  File "/usr/lib64/python3.6/http/server.py", line 396, in handle_one_request
    if not self.parse_request():
  File "/usr/lib64/python3.6/http/server.py", line 322, in parse_request
    "Bad request syntax (%r)" % requestline)
  File "/usr/lib64/python3.6/http/server.py", line 473, in send_error
    self.wfile.write(body)
  File "/usr/lib64/python3.6/socketserver.py", line 803, in write
    self._sock.sendall(b)
BrokenPipeError: [Errno 32] Broken pipe
----------------------------------------
----------------------------------------
Exception happened during processing of request from ('172.28.0.5', 56136)
Traceback (most recent call last):
  File "/usr/lib64/python3.6/socketserver.py", line 654, in process_request_thread
    self.finish_request(request, client_address)
  File "/usr/lib64/python3.6/socketserver.py", line 364, in finish_request
    self.RequestHandlerClass(request, client_address, self)
  File "/usr/lib64/python3.6/socketserver.py", line 724, in __init__
    self.handle()
  File "/usr/lib64/python3.6/http/server.py", line 420, in handle
    self.handle_one_request()
  File "/usr/lib64/python3.6/http/server.py", line 396, in handle_one_request
    if not self.parse_request():
  File "/usr/lib64/python3.6/http/server.py", line 322, in parse_request
    "Bad request syntax (%r)" % requestline)
  File "/usr/lib64/python3.6/http/server.py", line 473, in send_error
    self.wfile.write(body)
  File "/usr/lib64/python3.6/socketserver.py", line 803, in write
    self._sock.sendall(b)
BrokenPipeError: [Errno 32] Broken pipe
----------------------------------------
----------------------------------------
Exception happened during processing of request from ('172.28.0.5', 51152)
Traceback (most recent call last):
  File "/usr/lib64/python3.6/socketserver.py", line 654, in process_request_thread
    self.finish_request(request, client_address)
