[R7] suite=b2cl06-20260913T045355Z runs=/opt/build/runs-b2cl06/b2cl06-20260913T045355Z scene=service:checkout alertname:E2EB2Cl06CrossRound (委派面)
[R7] phase1 姿态：health 200 + bundle 发布激活（白名单 checkout）
[R7] qualification 授予 id=674f18ee-26d0-4f15-8fca-edc9e0d079bb（EN-02 资格门；SQL 桥）
[R7] phase1 PASS（health 200；digest=b97240eacba12e02f6bcf375499a0b8ae5fb91d80685cba35e7c67cf139dabb7）
[R7] phase2 注入合成告警（E2EB2Cl06CrossRound@checkout）
[R7] phase2 PASS（原子对成立；run=00e32a5c-c520-4a1c-809b-2b8d988c5e1c）
[R7] phase3 等 run 终态（真模型 900s 上限；委派面收敛窗更宽）
[R7] phase3 PASS（run SUCCEEDED）
[R7] phase4 主链：PRIMARY DONE / DELEGATE≥1 / 绑定 / 检查点（round≥1+batches≥1）
[R7] phase4 PASS（主 DONE+委派 1 子任务；checkpoint round/batches 推进：1|2|3|1|true）
[R7] phase5 受限直查：allowlist=jar 缺省八工具；evidence_refs 全可解析
[R7] phase5 PASS（直查全落 allowlist；证据 2 行引用全锚定）
[R7] phase6 回执链：全 SUCCESS 结清 + 捕获对账（R2）+ 快照回填（R1）+ 平台零交叉
[R7] phase6 PASS（4 笔调用全结清）
[R7] phase7 报告链：report → publication（winner）或 loser（同 incident 已发布）
[R7] phase7 PASS（loser 面：同 incident 发布位已被更早报告占据——仲裁语义正确，outbox 不外发）
[R7] phase8 日志取证（脱敏）+ 密钥词形零回显
[R7] phase8 PASS
[R7] phase9 CL-06 记忆链：schema2/父链连号/锚点回环/槽纯度
[R7] FAIL: phase9 父链断裂/跳号 1 处
