2026-09-11T14:49:03.486Z  INFO 1 --- [control-app] [nio-8080-exec-9] [6aa414df68b6986bc461707326d7fedb-5ada7c77557a5741] c.o.p.c.r.a.ConfigBundleService          : bundle 发布: a568dadee49699e8dff5e1b5fb981c2785b409ba5afccd6bfae9cd59ad7a9bf0 revision=48 by=machine:release-line policy=r7-e2e-restart-20260911T144900Z
2026-09-11T14:49:03.502Z  INFO 1 --- [control-app] [nio-8080-exec-1] [6aa414df0194328d55a7c76a7b5aada6-a3db9994e25efe1d] c.o.p.c.r.i.ConfigBundleController       : config-bundle activate: digest=a568dadee49699e8dff5e1b5fb981c2785b409ba5afccd6bfae9cd59ad7a9bf0 body-keys=[]
2026-09-11T14:49:03.535Z  INFO 1 --- [control-app] [nio-8080-exec-1] [6aa414df0194328d55a7c76a7b5aada6-a3db9994e25efe1d] c.o.p.c.r.a.ConfigBundleService          : ACTIVATE 落位: a568dadee49699e8dff5e1b5fb981c2785b409ba5afccd6bfae9cd59ad7a9bf0 revision=48 by=machine:release-line
2026-09-11T14:49:04.371Z  INFO 1 --- [control-app] [orker-control-1] [                                                 ] c.o.p.c.a.a.DeterministicSupervisor      : {"event":"r7_primary_started","ts":"2026-09-11T14:49:04.371064566Z","role":"primary@1","run_id":"4c8ca87e-6943-42f8-8637-d52dc1c2254a","task_id":"3ba63e40-0ce5-4be9-a8ac-ba96a3db7ca3"}
2026-09-11T14:49:05.959Z  INFO 1 --- [control-app] [orker-control-1] [                                                 ] c.o.p.c.a.a.DeterministicSupervisor      : {"event":"r7_delegation_adjudicated","ts":"2026-09-11T14:49:05.959575622Z","run_id":"4c8ca87e-6943-42f8-8637-d52dc1c2254a","batch_accepted":true,"requests":1,"approved":1,"task_id":"3ba63e40-0ce5-4be9-a8ac-ba96a3db7ca3"}
2026-09-11T14:49:05.960Z  INFO 1 --- [control-app] [orker-control-1] [                                                 ] c.o.p.c.i.n.NativeInvestigationExecutor  : 主任务转委派等待（sweep 转驱子任务，结清后唤醒）task=3ba63e40-0ce5-4be9-a8ac-ba96a3db7ca3 reason=null
2026-09-11T14:49:05.965Z  INFO 1 --- [control-app] [orker-control-1] [                                                 ] c.o.p.c.i.n.NativeInvestigationExecutor  : 主任务转委派等待（sweep 转驱子任务，结清后唤醒）task=3ba63e40-0ce5-4be9-a8ac-ba96a3db7ca3 reason=CHILDREN_UNSETTLED
2026-09-11T14:49:07.409Z  WARN 1 --- [control-app] [orker-control-1] [                                                 ] c.o.p.c.a.a.DeterministicSupervisor      : 委派裁决撞既成台账（gap=g1），以先到者为准
2026-09-11T14:49:07.410Z  INFO 1 --- [control-app] [orker-control-1] [                                                 ] c.o.p.c.a.a.DeterministicSupervisor      : {"event":"r7_delegation_adjudicated","ts":"2026-09-11T14:49:07.410504558Z","run_id":"4c8ca87e-6943-42f8-8637-d52dc1c2254a","batch_accepted":false,"requests":1,"approved":0,"task_id":"3ba63e40-0ce5-4be9-a8ac-ba96a3db7ca3"}

  .   ____          _            __ _ _
 /\\ / ___'_ __ _ _(_)_ __  __ _ \ \ \ \
( ( )\___ | '_ | '_| | '_ \/ _` | \ \ \ \
 \\/  ___)| |_)| | | | | || (_| |  ) ) ) )
  '  |____| .__|_| |_|_| |_\__, | / / / /
 =========|_|==============|___/=/_/_/_/

 :: Spring Boot ::                (v3.4.5)

2026-09-11T14:49:12.387Z  INFO 1 --- [control-app] [           main] [                                                 ] c.objwww.pr.control.ControlApplication   : Starting ControlApplication v0.0.1-SNAPSHOT using Java 21.0.12 with PID 1 (/app/app.jar started by app in /app)
2026-09-11T14:49:12.391Z  INFO 1 --- [control-app] [           main] [                                                 ] c.objwww.pr.control.ControlApplication   : The following 1 profile is active: "docker"
2026-09-11T14:49:17.266Z  INFO 1 --- [control-app] [           main] [                                                 ] o.s.b.w.embedded.tomcat.TomcatWebServer  : Tomcat initialized with port 8080 (http)
2026-09-11T14:49:17.282Z  INFO 1 --- [control-app] [           main] [                                                 ] o.apache.catalina.core.StandardService   : Starting service [Tomcat]
2026-09-11T14:49:17.283Z  INFO 1 --- [control-app] [           main] [                                                 ] o.apache.catalina.core.StandardEngine    : Starting Servlet engine: [Apache Tomcat/10.1.40]
2026-09-11T14:49:17.497Z  INFO 1 --- [control-app] [           main] [                                                 ] o.a.c.c.C.[Tomcat].[localhost].[/]       : Initializing Spring embedded WebApplicationContext
2026-09-11T14:49:17.499Z  INFO 1 --- [control-app] [           main] [                                                 ] w.s.c.ServletWebServerApplicationContext : Root WebApplicationContext: initialization completed in 5007 ms
2026-09-11T14:49:20.360Z  INFO 1 --- [control-app] [           main] [                                                 ] com.zaxxer.hikari.HikariDataSource       : HikariPool-1 - Starting...
2026-09-11T14:49:20.701Z  INFO 1 --- [control-app] [           main] [                                                 ] com.zaxxer.hikari.pool.HikariPool        : HikariPool-1 - Added connection org.postgresql.jdbc.PgConnection@28ceb25e
2026-09-11T14:49:20.755Z  INFO 1 --- [control-app] [           main] [                                                 ] com.zaxxer.hikari.HikariDataSource       : HikariPool-1 - Start completed.
2026-09-11T14:49:20.781Z  INFO 1 --- [control-app] [           main] [                                                 ] c.o.p.c.a.ModelCallLedgerRecovery        : ModelCallLedgerRecovery 启动: recoveryAfter=PT4M scanIntervalMs=60000
2026-09-11T14:49:20.973Z  WARN 1 --- [control-app] [           main] [                                                 ] r$InitializeUserDetailsManagerConfigurer : Found 2 UserDetailsService beans, with names [platformUserDetailsService, authUserDetailsService]. Global Authentication Manager will not use a UserDetailsService for username/password login. Consider publishing a single UserDetailsService bean.
2026-09-11T14:49:21.974Z  INFO 1 --- [control-app] [           main] [                                                 ] o.s.b.a.e.web.EndpointLinksResolver      : Exposing 3 endpoints beneath base path '/actuator'
2026-09-11T14:49:23.308Z  INFO 1 --- [control-app] [           main] [                                                 ] o.s.b.w.embedded.tomcat.TomcatWebServer  : Tomcat started on port 8080 (http) with context path '/'
2026-09-11T14:49:23.310Z  INFO 1 --- [control-app] [           main] [                                                 ] c.o.p.c.a.a.AlertInboxProcessor          : AlertInboxProcessor 启动 owner=control-1
2026-09-11T14:49:23.311Z  INFO 1 --- [control-app] [           main] [                                                 ] c.o.p.c.alert.application.RcaWorker      : RcaWorker 启动 owner=control-1 scope=rca
2026-09-11T14:49:23.311Z  INFO 1 --- [control-app] [           main] [                                                 ] c.o.p.c.a.a.IncidentWaitingRedrive       : IncidentWaitingRedrive 启动 interval=PT30S
2026-09-11T14:49:23.311Z  INFO 1 --- [control-app] [           main] [                                                 ] c.o.p.c.o.d.a.DutyFallbackWatcher        : DutyFallbackWatcher 启动: interval=30s maxAge=86400s
2026-09-11T14:49:23.367Z  INFO 1 --- [control-app] [           main] [                                                 ] c.objwww.pr.control.ControlApplication   : Started ControlApplication in 12.266 seconds (process running for 13.67)
2026-09-11T14:49:23.685Z  INFO 1 --- [control-app] [           main] [                                                 ] c.o.p.c.i.s.StartupSelfCheckRunner       : [control] 启动自检通过（B25 运行时门）
2026-09-11T14:49:24.819Z  INFO 1 --- [control-app] [nio-8080-exec-1] [                                                 ] o.a.c.c.C.[Tomcat].[localhost].[/]       : Initializing Spring DispatcherServlet 'dispatcherServlet'
2026-09-11T14:49:24.820Z  INFO 1 --- [control-app] [nio-8080-exec-1] [                                                 ] o.s.web.servlet.DispatcherServlet        : Initializing Servlet 'dispatcherServlet'
2026-09-11T14:49:24.821Z  INFO 1 --- [control-app] [nio-8080-exec-1] [                                                 ] o.s.web.servlet.DispatcherServlet        : Completed initialization in 1 ms
2026-09-11T14:59:05.076Z  WARN 1 --- [control-app] [orker-control-1] [                                                 ] c.o.p.c.alert.application.RcaWorker      : 悬挂调查记录 5db8c161-e040-42dc-9846-2743d4337e9f STARTED→UNKNOWN（崩溃回收）
2026-09-11T14:59:07.094Z  WARN 1 --- [control-app] [orker-control-1] [                                                 ] c.o.p.c.alert.application.RcaWorker      : task 53b38213-c213-4b29-8c89-986d0efe7caa 租约过期回收 owner=control-1 → RETRY_WAIT
2026-09-11T15:00:10.382Z  INFO 1 --- [control-app] [orker-control-1] [                                                 ] c.o.p.c.a.a.agent.BoundedLlmRoleRunner   : 主 FINAL 提案落检查点 task=3ba63e40-0ce5-4be9-a8ac-ba96a3db7ca3 claims=2 downgraded=0 stripped=0
2026-09-11T15:00:10.385Z  INFO 1 --- [control-app] [orker-control-1] [                                                 ] c.o.p.c.i.n.NativeInvestigationExecutor  : 主任务 FINAL 提案就绪 → DONE task=3ba63e40-0ce5-4be9-a8ac-ba96a3db7ca3 reason=null
2026-09-11T15:00:10.403Z  INFO 1 --- [control-app] [orker-control-1] [                                                 ] c.o.p.c.a.a.DeterministicSupervisor      : {"event":"am4_run_reporting","ts":"2026-09-11T15:00:10.402807173Z","run_id":"4c8ca87e-6943-42f8-8637-d52dc1c2254a"}
2026-09-11T15:00:10.403Z  INFO 1 --- [control-app] [orker-control-1] [                                                 ] c.o.p.c.a.a.DeterministicSupervisor      : run 4c8ca87e-6943-42f8-8637-d52dc1c2254a 全任务终态 → REPORTING（报告链组装）
2026-09-11T15:00:10.406Z  WARN 1 --- [control-app] [orker-control-1] [                                                 ] c.o.p.c.a.a.a.PrimaryFinalClaimProjector : 主 FINAL 提案零证据引用，不成断言（留检查点审计面）run=4c8ca87e-6943-42f8-8637-d52dc1c2254a claim=c1
2026-09-11T15:00:10.457Z  INFO 1 --- [control-app] [orker-control-1] [                                                 ] c.o.p.c.i.n.NativeInvestigationExecutor  : native 全链完成 run=4c8ca87e-6943-42f8-8637-d52dc1c2254a reportOutcome=UNRESOLVED claims=1 validation=STRUCTURE_VALIDATED 快照=eabbca3d02f1b76eabe899e703db51597d2b2f9e5daaeba9975a6a37441fd796 主模式=true
2026-09-11T15:00:10.485Z  INFO 1 --- [control-app] [orker-control-1] [                                                 ] c.o.p.c.a.a.RcaRunOrchestrator           : {"event":"rca_task_decision","ts":"2026-09-11T15:00:10.485138286Z","attempt_id":"921f12e8-b0ca-46b9-8ef2-b7b98e94e7ae","task_id":"53b38213-c213-4b29-8c89-986d0efe7caa","run_id":"4c8ca87e-6943-42f8-8637-d52dc1c2254a","decision":"COMPLETED","latency_ms":3225}
