
> alert-web@0.7.0 build
> vite build

[36mvite v7.3.6 [32mbuilding client environment for production...[36m[39m
transforming...
[32m✓[39m 2530 modules transformed.
rendering chunks...
computing gzip size...
[2mdist/[22m[32mindex.html                               [39m[1m[2m  0.39 kB[22m[1m[22m[2m │ gzip:   0.30 kB[22m
[2mdist/[22m[35massets/EmptyState-BwLGLvW9.css           [39m[1m[2m  0.05 kB[22m[1m[22m[2m │ gzip:   0.07 kB[22m
[2mdist/[22m[35massets/StatusBadge-Cq4JNchL.css          [39m[1m[2m  0.05 kB[22m[1m[22m[2m │ gzip:   0.07 kB[22m
[2mdist/[22m[35massets/KvTable-DOyEgPIc.css              [39m[1m[2m  0.12 kB[22m[1m[22m[2m │ gzip:   0.12 kB[22m
[2mdist/[22m[35massets/el-overlay-Wv38huFO.css           [39m[1m[2m  0.16 kB[22m[1m[22m[2m │ gzip:   0.14 kB[22m
[2mdist/[22m[35massets/AuditView-BakXvF-_.css            [39m[1m[2m  0.18 kB[22m[1m[22m[2m │ gzip:   0.15 kB[22m
[2mdist/[22m[35massets/UsersView-B6SL7RTy.css            [39m[1m[2m  0.18 kB[22m[1m[22m[2m │ gzip:   0.15 kB[22m
[2mdist/[22m[35massets/CatalogView-NE7llJbm.css          [39m[1m[2m  0.19 kB[22m[1m[22m[2m │ gzip:   0.15 kB[22m
[2mdist/[22m[35massets/PageHeader-SFjBPhCu.css           [39m[1m[2m  0.43 kB[22m[1m[22m[2m │ gzip:   0.25 kB[22m
[2mdist/[22m[35massets/HistoryView-C2D4b7g-.css          [39m[1m[2m  0.61 kB[22m[1m[22m[2m │ gzip:   0.29 kB[22m
[2mdist/[22m[35massets/EvalView-CyeAOMxX.css             [39m[1m[2m  0.76 kB[22m[1m[22m[2m │ gzip:   0.36 kB[22m
[2mdist/[22m[35massets/PromptDraftsView-JW4VWDhI.css     [39m[1m[2m  0.81 kB[22m[1m[22m[2m │ gzip:   0.37 kB[22m
[2mdist/[22m[35massets/IncidentTable-Cbo8fHEm.css        [39m[1m[2m  0.82 kB[22m[1m[22m[2m │ gzip:   0.27 kB[22m
[2mdist/[22m[35massets/EvalDatasetsView-BImW05ww.css     [39m[1m[2m  0.83 kB[22m[1m[22m[2m │ gzip:   0.37 kB[22m
[2mdist/[22m[35massets/PostmortemView-Ci18oPi2.css       [39m[1m[2m  1.14 kB[22m[1m[22m[2m │ gzip:   0.51 kB[22m
[2mdist/[22m[35massets/el-empty-S7fQQ3B8.css             [39m[1m[2m  1.16 kB[22m[1m[22m[2m │ gzip:   0.46 kB[22m
[2mdist/[22m[35massets/ConfigCenterView-C4L8N-js.css     [39m[1m[2m  1.19 kB[22m[1m[22m[2m │ gzip:   0.42 kB[22m
[2mdist/[22m[35massets/CategoryBadge-CeE5VdZc.css        [39m[1m[2m  1.29 kB[22m[1m[22m[2m │ gzip:   0.41 kB[22m
[2mdist/[22m[35massets/ApprovalOpsView-CTsjeTzp.css      [39m[1m[2m  1.31 kB[22m[1m[22m[2m │ gzip:   0.55 kB[22m
[2mdist/[22m[35massets/el-popover-Ciemdyvv.css           [39m[1m[2m  1.35 kB[22m[1m[22m[2m │ gzip:   0.42 kB[22m
[2mdist/[22m[35massets/el-result-CF-sYK2h.css            [39m[1m[2m  1.46 kB[22m[1m[22m[2m │ gzip:   0.38 kB[22m
[2mdist/[22m[35massets/el-loading-BtuTnLzD.css           [39m[1m[2m  1.62 kB[22m[1m[22m[2m │ gzip:   0.55 kB[22m
[2mdist/[22m[35massets/RunsView-C15G_L_N.css             [39m[1m[2m  1.67 kB[22m[1m[22m[2m │ gzip:   0.60 kB[22m
[2mdist/[22m[35massets/DrillsView-CwJkm_iJ.css           [39m[1m[2m  1.75 kB[22m[1m[22m[2m │ gzip:   0.60 kB[22m
[2mdist/[22m[35massets/EvalNewView-BVm5U9zF.css          [39m[1m[2m  1.87 kB[22m[1m[22m[2m │ gzip:   0.62 kB[22m
[2mdist/[22m[35massets/el-collapse-item-BvmEG8Qn.css     [39m[1m[2m  2.09 kB[22m[1m[22m[2m │ gzip:   0.58 kB[22m
[2mdist/[22m[35massets/EvalRunsView-nJEFZlml.css         [39m[1m[2m  2.17 kB[22m[1m[22m[2m │ gzip:   0.70 kB[22m
[2mdist/[22m[35massets/VersionsView-mG4rN3cV.css         [39m[1m[2m  2.19 kB[22m[1m[22m[2m │ gzip:   0.70 kB[22m
[2mdist/[22m[35massets/EvalAssetsView-CRJ8BE4C.css       [39m[1m[2m  2.49 kB[22m[1m[22m[2m │ gzip:   0.72 kB[22m
[2mdist/[22m[35massets/PromptWorkbenchView-B_R3ebwg.css  [39m[1m[2m  2.58 kB[22m[1m[22m[2m │ gzip:   0.71 kB[22m
[2mdist/[22m[35massets/EvalReviewView-DPBlwn15.css       [39m[1m[2m  2.59 kB[22m[1m[22m[2m │ gzip:   0.80 kB[22m
[2mdist/[22m[35massets/IncidentDetailView-D9iF_GQG.css   [39m[1m[2m  2.63 kB[22m[1m[22m[2m │ gzip:   0.69 kB[22m
[2mdist/[22m[35massets/OverviewView-BxUz9gJh.css         [39m[1m[2m  2.75 kB[22m[1m[22m[2m │ gzip:   0.83 kB[22m
[2mdist/[22m[35massets/DiagChatView-GYJf3DhG.css         [39m[1m[2m  2.83 kB[22m[1m[22m[2m │ gzip:   0.82 kB[22m
[2mdist/[22m[35massets/NotificationsView-C-00XjP-.css    [39m[1m[2m  2.90 kB[22m[1m[22m[2m │ gzip:   0.88 kB[22m
[2mdist/[22m[35massets/AlertsView-Dr_VOlC8.css           [39m[1m[2m  3.09 kB[22m[1m[22m[2m │ gzip:   0.85 kB[22m
[2mdist/[22m[35massets/el-descriptions-BpDzfuC8.css      [39m[1m[2m  3.42 kB[22m[1m[22m[2m │ gzip:   0.61 kB[22m
[2mdist/[22m[35massets/el-alert-B6UgayC7.css             [39m[1m[2m  3.47 kB[22m[1m[22m[2m │ gzip:   0.74 kB[22m
[2mdist/[22m[35massets/el-dialog-DUbGnqO_.css            [39m[1m[2m  3.54 kB[22m[1m[22m[2m │ gzip:   0.97 kB[22m
[2mdist/[22m[35massets/DrillCreateView-Ks55v26P.css      [39m[1m[2m  3.69 kB[22m[1m[22m[2m │ gzip:   0.92 kB[22m
[2mdist/[22m[35massets/CasesView-BfADkdnH.css            [39m[1m[2m  3.76 kB[22m[1m[22m[2m │ gzip:   1.02 kB[22m
[2mdist/[22m[35massets/DutyChatView-AcheNfzU.css         [39m[1m[2m  4.05 kB[22m[1m[22m[2m │ gzip:   1.29 kB[22m
[2mdist/[22m[35massets/el-drawer-BmQQuU66.css            [39m[1m[2m  4.08 kB[22m[1m[22m[2m │ gzip:   1.06 kB[22m
[2mdist/[22m[35massets/DrillDetailView-Dk-XImYd.css      [39m[1m[2m  4.23 kB[22m[1m[22m[2m │ gzip:   0.99 kB[22m
[2mdist/[22m[35massets/el-input-number-DExoAqKP.css      [39m[1m[2m  4.35 kB[22m[1m[22m[2m │ gzip:   0.90 kB[22m
[2mdist/[22m[35massets/el-timeline-item-C3hWMI-V.css     [39m[1m[2m  4.39 kB[22m[1m[22m[2m │ gzip:   0.85 kB[22m
[2mdist/[22m[35massets/EvalCompareView-Crqi9mIN.css      [39m[1m[2m  4.50 kB[22m[1m[22m[2m │ gzip:   1.09 kB[22m
[2mdist/[22m[35massets/el-step-DtA3_m5y.css              [39m[1m[2m  4.65 kB[22m[1m[22m[2m │ gzip:   1.15 kB[22m
[2mdist/[22m[35massets/el-message-box-amIz9eLF.css       [39m[1m[2m  4.76 kB[22m[1m[22m[2m │ gzip:   1.15 kB[22m
[2mdist/[22m[35massets/MonitorView-CSNACyvC.css          [39m[1m[2m  4.80 kB[22m[1m[22m[2m │ gzip:   1.12 kB[22m
[2mdist/[22m[35massets/el-message-B2GHqN2t.css           [39m[1m[2m  5.16 kB[22m[1m[22m[2m │ gzip:   1.11 kB[22m
[2mdist/[22m[35massets/el-checkbox-CzNtyWdF.css          [39m[1m[2m  6.51 kB[22m[1m[22m[2m │ gzip:   1.22 kB[22m
[2mdist/[22m[35massets/EvalRunDetailView-CoyR5xXk.css    [39m[1m[2m  6.69 kB[22m[1m[22m[2m │ gzip:   1.48 kB[22m
[2mdist/[22m[35massets/el-radio-button-TYBaCPcE.css      [39m[1m[2m  7.58 kB[22m[1m[22m[2m │ gzip:   1.42 kB[22m
[2mdist/[22m[35massets/el-select-caR2Yem-.css            [39m[1m[2m  9.82 kB[22m[1m[22m[2m │ gzip:   1.95 kB[22m
[2mdist/[22m[35massets/DutyView-mkm2kIBJ.css             [39m[1m[2m  9.89 kB[22m[1m[22m[2m │ gzip:   2.15 kB[22m
[2mdist/[22m[35massets/el-tab-pane-BAmdfGUb.css          [39m[1m[2m 16.66 kB[22m[1m[22m[2m │ gzip:   2.44 kB[22m
[2mdist/[22m[35massets/RunDetailView-C1jqOPlp.css        [39m[1m[2m 18.94 kB[22m[1m[22m[2m │ gzip:   3.84 kB[22m
[2mdist/[22m[35massets/el-table-column-Dp73S2HR.css      [39m[1m[2m 19.54 kB[22m[1m[22m[2m │ gzip:   2.91 kB[22m
[2mdist/[22m[35massets/el-date-picker-CFns1mtU.css       [39m[1m[2m 31.28 kB[22m[1m[22m[2m │ gzip:   4.33 kB[22m
[2mdist/[22m[35massets/AnalyticsView-t-v72wVn.css        [39m[1m[2m 37.38 kB[22m[1m[22m[2m │ gzip:   3.85 kB[22m
[2mdist/[22m[35massets/index-B38bw14i.css                [39m[1m[2m 72.76 kB[22m[1m[22m[2m │ gzip:  10.57 kB[22m
[2mdist/[22m[36massets/validator-CTTSLZc7.js             [39m[1m[2m  0.09 kB[22m[1m[22m[2m │ gzip:   0.10 kB[22m
[2mdist/[22m[36massets/strings-DzmpPX6D.js               [39m[1m[2m  0.15 kB[22m[1m[22m[2m │ gzip:   0.15 kB[22m
[2mdist/[22m[36massets/clamp-Dmt0mRiQ.js                 [39m[1m[2m  0.27 kB[22m[1m[22m[2m │ gzip:   0.19 kB[22m
[2mdist/[22m[36massets/severity-bswy-Nde.js              [39m[1m[2m  0.35 kB[22m[1m[22m[2m │ gzip:   0.27 kB[22m
[2mdist/[22m[36massets/displayNameZh-Bjext4XR.js         [39m[1m[2m  0.52 kB[22m[1m[22m[2m │ gzip:   0.40 kB[22m
[2mdist/[22m[36massets/toNumber-BU4_tAKy.js              [39m[1m[2m  0.54 kB[22m[1m[22m[2m │ gzip:   0.36 kB[22m
[2mdist/[22m[36massets/PageHeader-iIetxawx.js            [39m[1m[2m  0.57 kB[22m[1m[22m[2m │ gzip:   0.37 kB[22m
[2mdist/[22m[36massets/DetailDrawer-D0039-97.js          [39m[1m[2m  0.58 kB[22m[1m[22m[2m │ gzip:   0.37 kB[22m
[2mdist/[22m[36massets/index-CS3aJPAw.js                 [39m[1m[2m  0.63 kB[22m[1m[22m[2m │ gzip:   0.39 kB[22m
[2mdist/[22m[36massets/vnode-By0ta9PR.js                 [39m[1m[2m  0.68 kB[22m[1m[22m[2m │ gzip:   0.42 kB[22m
[2mdist/[22m[36massets/KvTable-aibmNZkw.js               [39m[1m[2m  0.76 kB[22m[1m[22m[2m │ gzip:   0.53 kB[22m
[2mdist/[22m[36massets/index-CJGGuza6.js                 [39m[1m[2m  0.83 kB[22m[1m[22m[2m │ gzip:   0.51 kB[22m
[2mdist/[22m[36massets/scroll-BLnvl4vk.js                [39m[1m[2m  0.87 kB[22m[1m[22m[2m │ gzip:   0.50 kB[22m
[2mdist/[22m[36massets/omit-RSUWe5lr.js                  [39m[1m[2m  0.90 kB[22m[1m[22m[2m │ gzip:   0.55 kB[22m
[2mdist/[22m[36massets/EmptyState-Dj5vRvsZ.js            [39m[1m[2m  0.94 kB[22m[1m[22m[2m │ gzip:   0.64 kB[22m
[2mdist/[22m[36massets/debounce-BloWwQ4S.js              [39m[1m[2m  1.07 kB[22m[1m[22m[2m │ gzip:   0.57 kB[22m
[2mdist/[22m[36massets/_baseIteratee-DIjVTEvO.js         [39m[1m[2m  1.13 kB[22m[1m[22m[2m │ gzip:   0.59 kB[22m
[2mdist/[22m[36massets/versions-COLWHSEg.js              [39m[1m[2m  1.20 kB[22m[1m[22m[2m │ gzip:   0.58 kB[22m
[2mdist/[22m[36massets/CategoryBadge-UFXqfgjz.js         [39m[1m[2m  1.21 kB[22m[1m[22m[2m │ gzip:   0.84 kB[22m
[2mdist/[22m[36massets/EvalView-CSi359kU.js              [39m[1m[2m  1.24 kB[22m[1m[22m[2m │ gzip:   0.78 kB[22m
[2mdist/[22m[36massets/index-VnfqmNvZ.js                 [39m[1m[2m  1.30 kB[22m[1m[22m[2m │ gzip:   0.62 kB[22m
[2mdist/[22m[36massets/el-result-ZgRP7nEg.js             [39m[1m[2m  1.37 kB[22m[1m[22m[2m │ gzip:   0.63 kB[22m
[2mdist/[22m[36massets/mdZh-CFfPTER1.js                  [39m[1m[2m  1.43 kB[22m[1m[22m[2m │ gzip:   0.99 kB[22m
[2mdist/[22m[36massets/drills-DsqIEwwn.js                [39m[1m[2m  1.69 kB[22m[1m[22m[2m │ gzip:   0.78 kB[22m
[2mdist/[22m[36massets/index-D-Ny9ZKS.js                 [39m[1m[2m  1.78 kB[22m[1m[22m[2m │ gzip:   0.93 kB[22m
[2mdist/[22m[36massets/el-alert-C2ZiVJXa.js              [39m[1m[2m  1.94 kB[22m[1m[22m[2m │ gzip:   0.92 kB[22m
[2mdist/[22m[36massets/index-CVeM6XJc.js                 [39m[1m[2m  1.96 kB[22m[1m[22m[2m │ gzip:   1.04 kB[22m
[2mdist/[22m[36massets/AuditView-DPjC2y4I.js             [39m[1m[2m  2.02 kB[22m[1m[22m[2m │ gzip:   1.21 kB[22m
[2mdist/[22m[36massets/UsersView-A7JITcoL.js             [39m[1m[2m  2.03 kB[22m[1m[22m[2m │ gzip:   1.18 kB[22m
[2mdist/[22m[36massets/el-timeline-item-CKuIoWwT.js      [39m[1m[2m  2.08 kB[22m[1m[22m[2m │ gzip:   0.92 kB[22m
[2mdist/[22m[36massets/StatusBadge-08I_98aV.js           [39m[1m[2m  2.49 kB[22m[1m[22m[2m │ gzip:   1.11 kB[22m
[2mdist/[22m[36massets/format-BVEvtjC3.js                [39m[1m[2m  2.71 kB[22m[1m[22m[2m │ gzip:   1.08 kB[22m
[2mdist/[22m[36massets/IncidentTable-DIVuc1O-.js         [39m[1m[2m  3.36 kB[22m[1m[22m[2m │ gzip:   1.58 kB[22m
[2mdist/[22m[36massets/scenarioZh-qAjXNHpV.js            [39m[1m[2m  3.57 kB[22m[1m[22m[2m │ gzip:   1.89 kB[22m
[2mdist/[22m[36massets/el-step-DYSHNq2b.js               [39m[1m[2m  4.17 kB[22m[1m[22m[2m │ gzip:   1.69 kB[22m
[2mdist/[22m[36massets/el-overlay-Cnbw8vQn.js            [39m[1m[2m  4.24 kB[22m[1m[22m[2m │ gzip:   1.71 kB[22m
[2mdist/[22m[36massets/el-empty-Cd-5CGIN.js              [39m[1m[2m  4.43 kB[22m[1m[22m[2m │ gzip:   1.60 kB[22m
[2mdist/[22m[36massets/el-descriptions-BVabtb1r.js       [39m[1m[2m  4.46 kB[22m[1m[22m[2m │ gzip:   1.80 kB[22m
[2mdist/[22m[36massets/el-loading-CoAa5j1h.js            [39m[1m[2m  4.59 kB[22m[1m[22m[2m │ gzip:   1.97 kB[22m
[2mdist/[22m[36massets/el-dialog-DjeMxFqO.js             [39m[1m[2m  4.72 kB[22m[1m[22m[2m │ gzip:   2.06 kB[22m
[2mdist/[22m[36massets/CatalogView-CX4yHSY7.js           [39m[1m[2m  4.80 kB[22m[1m[22m[2m │ gzip:   2.38 kB[22m
[2mdist/[22m[36massets/zh-BRsCkaPz.js                    [39m[1m[2m  4.92 kB[22m[1m[22m[2m │ gzip:   2.82 kB[22m
[2mdist/[22m[36massets/el-drawer-CZuYnfJu.js             [39m[1m[2m  4.94 kB[22m[1m[22m[2m │ gzip:   2.27 kB[22m
[2mdist/[22m[36massets/EvalDatasetsView-CXp4AWhX.js      [39m[1m[2m  5.21 kB[22m[1m[22m[2m │ gzip:   2.39 kB[22m
[2mdist/[22m[36massets/el-radio-button-CMdbmzql.js       [39m[1m[2m  5.23 kB[22m[1m[22m[2m │ gzip:   2.17 kB[22m
[2mdist/[22m[36massets/PromptDraftsView-CK4lmsYN.js      [39m[1m[2m  5.31 kB[22m[1m[22m[2m │ gzip:   2.27 kB[22m
[2mdist/[22m[36massets/el-collapse-item-D7Acbt2f.js      [39m[1m[2m  5.73 kB[22m[1m[22m[2m │ gzip:   2.26 kB[22m
[2mdist/[22m[36massets/HistoryView-D1r7gRnh.js           [39m[1m[2m  6.87 kB[22m[1m[22m[2m │ gzip:   3.13 kB[22m
[2mdist/[22m[36massets/el-input-number-yhBltErq.js       [39m[1m[2m  7.00 kB[22m[1m[22m[2m │ gzip:   2.84 kB[22m
[2mdist/[22m[36massets/RunsView-CectkGL9.js              [39m[1m[2m  7.09 kB[22m[1m[22m[2m │ gzip:   3.31 kB[22m
[2mdist/[22m[36massets/AnalyticsView-B_7IiVXq.js         [39m[1m[2m  7.37 kB[22m[1m[22m[2m │ gzip:   3.07 kB[22m
[2mdist/[22m[36massets/index-gogdQ0Gj.js                 [39m[1m[2m  7.52 kB[22m[1m[22m[2m │ gzip:   3.24 kB[22m
[2mdist/[22m[36massets/DutyChatView-6j_T3BMr.js          [39m[1m[2m  7.58 kB[22m[1m[22m[2m │ gzip:   3.78 kB[22m
[2mdist/[22m[36massets/PostmortemView-8MXF97Bv.js        [39m[1m[2m  7.61 kB[22m[1m[22m[2m │ gzip:   3.28 kB[22m
[2mdist/[22m[36massets/OverviewView-KNZUbg6c.js          [39m[1m[2m  8.29 kB[22m[1m[22m[2m │ gzip:   3.82 kB[22m
[2mdist/[22m[36massets/el-checkbox-CpOyNp-s.js           [39m[1m[2m  9.02 kB[22m[1m[22m[2m │ gzip:   3.27 kB[22m
[2mdist/[22m[36massets/DiagChatView-jLHoqgFl.js          [39m[1m[2m 10.46 kB[22m[1m[22m[2m │ gzip:   4.29 kB[22m
[2mdist/[22m[36massets/NotificationsView-D--YG2Qz.js     [39m[1m[2m 10.55 kB[22m[1m[22m[2m │ gzip:   4.57 kB[22m
[2mdist/[22m[36massets/ApprovalOpsView-BDTO8tpU.js       [39m[1m[2m 10.86 kB[22m[1m[22m[2m │ gzip:   4.27 kB[22m
[2mdist/[22m[36massets/DrillsView-BQRVq39E.js            [39m[1m[2m 11.38 kB[22m[1m[22m[2m │ gzip:   4.74 kB[22m
[2mdist/[22m[36massets/index-WkLgT-0m.js                 [39m[1m[2m 11.42 kB[22m[1m[22m[2m │ gzip:   4.25 kB[22m
[2mdist/[22m[36massets/EvalRunsView-3Q1g7yYq.js          [39m[1m[2m 11.46 kB[22m[1m[22m[2m │ gzip:   4.99 kB[22m
[2mdist/[22m[36massets/el-tab-pane-C7jFt7Z_.js           [39m[1m[2m 11.76 kB[22m[1m[22m[2m │ gzip:   4.87 kB[22m
[2mdist/[22m[36massets/AlertsView-DtBniF4n.js            [39m[1m[2m 11.88 kB[22m[1m[22m[2m │ gzip:   4.80 kB[22m
[2mdist/[22m[36massets/EvalAssetsView-BJXxZWUJ.js        [39m[1m[2m 12.26 kB[22m[1m[22m[2m │ gzip:   5.10 kB[22m
[2mdist/[22m[36massets/ConfigCenterView-CgDs6S3X.js      [39m[1m[2m 12.85 kB[22m[1m[22m[2m │ gzip:   4.96 kB[22m
[2mdist/[22m[36massets/EvalNewView-CzSb1sm4.js           [39m[1m[2m 14.54 kB[22m[1m[22m[2m │ gzip:   6.08 kB[22m
[2mdist/[22m[36massets/DrillCreateView-Bnbxjckq.js       [39m[1m[2m 15.28 kB[22m[1m[22m[2m │ gzip:   6.25 kB[22m
[2mdist/[22m[36massets/DrillDetailView-9fH7FDYW.js       [39m[1m[2m 15.95 kB[22m[1m[22m[2m │ gzip:   6.83 kB[22m
[2mdist/[22m[36massets/CasesView-Cj6tzCxw.js             [39m[1m[2m 16.04 kB[22m[1m[22m[2m │ gzip:   6.18 kB[22m
[2mdist/[22m[36massets/VersionsView-DN3mDX2j.js          [39m[1m[2m 17.21 kB[22m[1m[22m[2m │ gzip:   6.85 kB[22m
[2mdist/[22m[36massets/PromptWorkbenchView-B9WM7Nfh.js   [39m[1m[2m 20.02 kB[22m[1m[22m[2m │ gzip:   8.17 kB[22m
[2mdist/[22m[36massets/EvalReviewView-Cx5YTX0k.js        [39m[1m[2m 20.32 kB[22m[1m[22m[2m │ gzip:   7.06 kB[22m
[2mdist/[22m[36massets/EvalCompareView-BwUQzJ6V.js       [39m[1m[2m 22.89 kB[22m[1m[22m[2m │ gzip:   8.55 kB[22m
[2mdist/[22m[36massets/MonitorView-v-BnN9ZX.js           [39m[1m[2m 23.53 kB[22m[1m[22m[2m │ gzip:   8.20 kB[22m
[2mdist/[22m[36massets/IncidentDetailView-DRZq0Mes.js    [39m[1m[2m 28.53 kB[22m[1m[22m[2m │ gzip:   9.57 kB[22m
[2mdist/[22m[36massets/el-select-yF-mBi-8.js             [39m[1m[2m 31.09 kB[22m[1m[22m[2m │ gzip:  10.66 kB[22m
[2mdist/[22m[36massets/DutyView-AlfbF9kM.js              [39m[1m[2m 38.89 kB[22m[1m[22m[2m │ gzip:  12.22 kB[22m
[2mdist/[22m[36massets/EvalRunDetailView-C745B5It.js     [39m[1m[2m 50.43 kB[22m[1m[22m[2m │ gzip:  16.03 kB[22m
[2mdist/[22m[36massets/el-table-column-D1G1Rj6S.js       [39m[1m[2m 76.70 kB[22m[1m[22m[2m │ gzip:  26.71 kB[22m
[2mdist/[22m[36massets/el-date-picker-FyZPOHO1.js        [39m[1m[2m102.11 kB[22m[1m[22m[2m │ gzip:  28.53 kB[22m
[2mdist/[22m[36massets/RunDetailView-t6PrbveH.js         [39m[1m[2m257.25 kB[22m[1m[22m[2m │ gzip:  87.08 kB[22m
[2mdist/[22m[36massets/index-DoET6rEG.js                 [39m[1m[2m397.35 kB[22m[1m[22m[2m │ gzip: 143.78 kB[22m
[2mdist/[22m[36massets/echarts-dgYTO4tv.js               [39m[1m[33m647.94 kB[39m[22m[2m │ gzip: 221.88 kB[22m
[33m
(!) Some chunks are larger than 500 kB after minification. Consider:
- Using dynamic import() to code-split the application
- Use build.rollupOptions.output.manualChunks to improve chunking: https://rollupjs.org/configuration-options/#output-manualchunks
- Adjust chunk size limit for this warning via build.chunkSizeWarningLimit.[39m
[32m✓ built in 9.49s[39m
