== RR26 基线到阶梯（202 持久接收/队列深度/最老年龄/p95）==
health=200
-- 档1 基线（真源，11 firing，间隔2s）
档1：非202=0 p95=0.013s 队列峰值=7 最老峰值=50s
RR26-T1 PASS（基线档 11/11 全 202；p95=0.013s 队列峰值=7 最老=50s）
-- 档2 阶梯（慢模型拖 worker，11 firing，间隔1s）
health=200
档2：非202=0 p95=0.019s 队列峰值=21 最老峰值=225s run铸造=11 排空等待=240s
RR26-T2 PASS（阶梯档 11/11 全 202——worker 被慢模型拖住仍持久接收；p95=0.019s）
RR26-Q PASS（慢档队列峰值深度=21 可观测；排空等待=240s 后归零）
RR26-R PASS（材料序号化触发 RERUN：run 铸造=11）
RR26-AGE 记录（最老年龄：基线峰=50s 慢档峰=225s）
health=200
standing-health=200
standing-restarts=0
== 完成 ==
RR26-T1 PASS（基线档 11/11 全 202；p95=0.013s 队列峰值=7 最老=50s）
RR26-T2 PASS（阶梯档 11/11 全 202——worker 被慢模型拖住仍持久接收；p95=0.019s）
RR26-Q PASS（慢档队列峰值深度=21 可观测；排空等待=240s 后归零）
RR26-R PASS（材料序号化触发 RERUN：run 铸造=11）
RR26-AGE 记录（最老年龄：基线峰=50s 慢档峰=225s）
standing-health=200
standing-restarts=0
