
> alert-web@0.7.0 build
> vite build

[36mvite v7.3.6 [32mbuilding client environment for production...[36m[39m
transforming...
[32m✓[39m 2500 modules transformed.
rendering chunks...
computing gzip size...
[2mdist/[22m[32mindex.html                              [39m[1m[2m  0.39 kB[22m[1m[22m[2m │ gzip:   0.30 kB[22m
[2mdist/[22m[35massets/el-tooltip-tn0RQdqM.css          [39m[1m[2m  0.00 kB[22m[1m[22m[2m │ gzip:   0.02 kB[22m
[2mdist/[22m[35massets/StatusBadge-BLOfP9Z5.css         [39m[1m[2m  0.05 kB[22m[1m[22m[2m │ gzip:   0.07 kB[22m
[2mdist/[22m[35massets/KvTable-DOyEgPIc.css             [39m[1m[2m  0.12 kB[22m[1m[22m[2m │ gzip:   0.12 kB[22m
[2mdist/[22m[35massets/el-overlay-Wv38huFO.css          [39m[1m[2m  0.16 kB[22m[1m[22m[2m │ gzip:   0.14 kB[22m
[2mdist/[22m[35massets/EvalDatasetsView-DeoaNyIu.css    [39m[1m[2m  0.24 kB[22m[1m[22m[2m │ gzip:   0.18 kB[22m
[2mdist/[22m[35massets/PageHeader-SFjBPhCu.css          [39m[1m[2m  0.43 kB[22m[1m[22m[2m │ gzip:   0.25 kB[22m
[2mdist/[22m[35massets/HistoryView-DBFJB58W.css         [39m[1m[2m  0.61 kB[22m[1m[22m[2m │ gzip:   0.29 kB[22m
[2mdist/[22m[35massets/IncidentTable-BO9OM5BJ.css       [39m[1m[2m  0.76 kB[22m[1m[22m[2m │ gzip:   0.25 kB[22m
[2mdist/[22m[35massets/EvalView-CyeAOMxX.css            [39m[1m[2m  0.76 kB[22m[1m[22m[2m │ gzip:   0.36 kB[22m
[2mdist/[22m[35massets/DrillsView-DFW0gZTz.css          [39m[1m[2m  1.09 kB[22m[1m[22m[2m │ gzip:   0.43 kB[22m
[2mdist/[22m[35massets/IncidentDetailView-Cnwibb9I.css  [39m[1m[2m  1.10 kB[22m[1m[22m[2m │ gzip:   0.38 kB[22m
[2mdist/[22m[35massets/format-Veq0LjJT.css              [39m[1m[2m  1.20 kB[22m[1m[22m[2m │ gzip:   0.48 kB[22m
[2mdist/[22m[35massets/CategoryBadge-CeE5VdZc.css       [39m[1m[2m  1.29 kB[22m[1m[22m[2m │ gzip:   0.41 kB[22m
[2mdist/[22m[35massets/el-popover-Ciemdyvv.css          [39m[1m[2m  1.35 kB[22m[1m[22m[2m │ gzip:   0.42 kB[22m
[2mdist/[22m[35massets/el-result-CF-sYK2h.css           [39m[1m[2m  1.46 kB[22m[1m[22m[2m │ gzip:   0.38 kB[22m
[2mdist/[22m[35massets/VersionsView-Bu6f0yAD.css        [39m[1m[2m  1.53 kB[22m[1m[22m[2m │ gzip:   0.54 kB[22m
[2mdist/[22m[35massets/el-loading-BtuTnLzD.css          [39m[1m[2m  1.62 kB[22m[1m[22m[2m │ gzip:   0.55 kB[22m
[2mdist/[22m[35massets/RunsView-yDCuhEzU.css            [39m[1m[2m  1.67 kB[22m[1m[22m[2m │ gzip:   0.60 kB[22m
[2mdist/[22m[35massets/OverviewView-B3XEslk0.css        [39m[1m[2m  1.78 kB[22m[1m[22m[2m │ gzip:   0.61 kB[22m
[2mdist/[22m[35massets/EvalNewView-sLM1mZX9.css         [39m[1m[2m  1.87 kB[22m[1m[22m[2m │ gzip:   0.62 kB[22m
[2mdist/[22m[35massets/EvalAssetsView-GoFhEvR2.css      [39m[1m[2m  1.90 kB[22m[1m[22m[2m │ gzip:   0.57 kB[22m
[2mdist/[22m[35massets/el-collapse-item-BvmEG8Qn.css    [39m[1m[2m  2.09 kB[22m[1m[22m[2m │ gzip:   0.58 kB[22m
[2mdist/[22m[35massets/MonitorView-CwoPaNdL.css         [39m[1m[2m  2.12 kB[22m[1m[22m[2m │ gzip:   0.63 kB[22m
[2mdist/[22m[35massets/EvalRunsView-DT4WH_rh.css        [39m[1m[2m  2.17 kB[22m[1m[22m[2m │ gzip:   0.70 kB[22m
[2mdist/[22m[35massets/NotificationsView-DvF5lSPK.css   [39m[1m[2m  2.56 kB[22m[1m[22m[2m │ gzip:   0.80 kB[22m
[2mdist/[22m[35massets/EvalReviewView-CRu1sCCI.css      [39m[1m[2m  2.59 kB[22m[1m[22m[2m │ gzip:   0.80 kB[22m
[2mdist/[22m[35massets/AlertsView-DWc8M3R-.css          [39m[1m[2m  2.76 kB[22m[1m[22m[2m │ gzip:   0.79 kB[22m
[2mdist/[22m[35massets/el-descriptions-BpDzfuC8.css     [39m[1m[2m  3.42 kB[22m[1m[22m[2m │ gzip:   0.61 kB[22m
[2mdist/[22m[35massets/el-alert-B6UgayC7.css            [39m[1m[2m  3.47 kB[22m[1m[22m[2m │ gzip:   0.74 kB[22m
[2mdist/[22m[35massets/CasesView-DDqzTzAI.css           [39m[1m[2m  3.52 kB[22m[1m[22m[2m │ gzip:   0.97 kB[22m
[2mdist/[22m[35massets/el-dialog-DUbGnqO_.css           [39m[1m[2m  3.54 kB[22m[1m[22m[2m │ gzip:   0.97 kB[22m
[2mdist/[22m[35massets/DrillCreateView-DGHv847K.css     [39m[1m[2m  3.69 kB[22m[1m[22m[2m │ gzip:   0.92 kB[22m
[2mdist/[22m[35massets/DutyChatView-AcheNfzU.css        [39m[1m[2m  4.05 kB[22m[1m[22m[2m │ gzip:   1.29 kB[22m
[2mdist/[22m[35massets/DetailDrawer-BmQQuU66.css        [39m[1m[2m  4.08 kB[22m[1m[22m[2m │ gzip:   1.06 kB[22m
[2mdist/[22m[35massets/DrillDetailView-B_c5WhVP.css     [39m[1m[2m  4.23 kB[22m[1m[22m[2m │ gzip:   0.99 kB[22m
[2mdist/[22m[35massets/EvalCompareView-CN5F_rwC.css     [39m[1m[2m  4.31 kB[22m[1m[22m[2m │ gzip:   1.05 kB[22m
[2mdist/[22m[35massets/el-input-number-DExoAqKP.css     [39m[1m[2m  4.35 kB[22m[1m[22m[2m │ gzip:   0.90 kB[22m
[2mdist/[22m[35massets/el-timeline-item-C3hWMI-V.css    [39m[1m[2m  4.39 kB[22m[1m[22m[2m │ gzip:   0.85 kB[22m
[2mdist/[22m[35massets/el-step-DtA3_m5y.css             [39m[1m[2m  4.65 kB[22m[1m[22m[2m │ gzip:   1.15 kB[22m
[2mdist/[22m[35massets/el-message-box-amIz9eLF.css      [39m[1m[2m  4.76 kB[22m[1m[22m[2m │ gzip:   1.15 kB[22m
[2mdist/[22m[35massets/el-message-B2GHqN2t.css          [39m[1m[2m  5.16 kB[22m[1m[22m[2m │ gzip:   1.11 kB[22m
[2mdist/[22m[35massets/EvalRunDetailView-DhMm_rpe.css   [39m[1m[2m  5.90 kB[22m[1m[22m[2m │ gzip:   1.37 kB[22m
[2mdist/[22m[35massets/el-radio-button-TYBaCPcE.css     [39m[1m[2m  7.58 kB[22m[1m[22m[2m │ gzip:   1.42 kB[22m
[2mdist/[22m[35massets/el-select-caR2Yem-.css           [39m[1m[2m  9.82 kB[22m[1m[22m[2m │ gzip:   1.95 kB[22m
[2mdist/[22m[35massets/DutyView-mkm2kIBJ.css            [39m[1m[2m  9.89 kB[22m[1m[22m[2m │ gzip:   2.15 kB[22m
[2mdist/[22m[35massets/RunDetailView-BA2_gaCX.css       [39m[1m[2m 15.05 kB[22m[1m[22m[2m │ gzip:   3.16 kB[22m
[2mdist/[22m[35massets/el-tab-pane-BAmdfGUb.css         [39m[1m[2m 16.66 kB[22m[1m[22m[2m │ gzip:   2.44 kB[22m
[2mdist/[22m[35massets/el-table-column-CkuDla-c.css     [39m[1m[2m 26.05 kB[22m[1m[22m[2m │ gzip:   3.79 kB[22m
[2mdist/[22m[35massets/el-date-picker-CFns1mtU.css      [39m[1m[2m 31.28 kB[22m[1m[22m[2m │ gzip:   4.33 kB[22m
[2mdist/[22m[35massets/index-DGwJJJyV.css               [39m[1m[2m 72.76 kB[22m[1m[22m[2m │ gzip:  10.57 kB[22m
[2mdist/[22m[36massets/validator-gE1Jcc46.js            [39m[1m[2m  0.09 kB[22m[1m[22m[2m │ gzip:   0.10 kB[22m
[2mdist/[22m[36massets/strings-BLzmqsuz.js              [39m[1m[2m  0.15 kB[22m[1m[22m[2m │ gzip:   0.15 kB[22m
[2mdist/[22m[36massets/clamp-DGiPePkX.js                [39m[1m[2m  0.27 kB[22m[1m[22m[2m │ gzip:   0.19 kB[22m
[2mdist/[22m[36massets/severity-bswy-Nde.js             [39m[1m[2m  0.35 kB[22m[1m[22m[2m │ gzip:   0.27 kB[22m
[2mdist/[22m[36massets/displayNameZh-Bjext4XR.js        [39m[1m[2m  0.52 kB[22m[1m[22m[2m │ gzip:   0.40 kB[22m
[2mdist/[22m[36massets/toNumber-DZ9drsVV.js             [39m[1m[2m  0.54 kB[22m[1m[22m[2m │ gzip:   0.36 kB[22m
[2mdist/[22m[36massets/PageHeader-eXx66KH7.js           [39m[1m[2m  0.57 kB[22m[1m[22m[2m │ gzip:   0.36 kB[22m
[2mdist/[22m[36massets/index-40SnLT2H.js                [39m[1m[2m  0.63 kB[22m[1m[22m[2m │ gzip:   0.39 kB[22m
[2mdist/[22m[36massets/vnode-BL92om87.js                [39m[1m[2m  0.68 kB[22m[1m[22m[2m │ gzip:   0.42 kB[22m
[2mdist/[22m[36massets/KvTable-BHhls7Kf.js              [39m[1m[2m  0.76 kB[22m[1m[22m[2m │ gzip:   0.53 kB[22m
[2mdist/[22m[36massets/index-CISU5e34.js                [39m[1m[2m  0.83 kB[22m[1m[22m[2m │ gzip:   0.51 kB[22m
[2mdist/[22m[36massets/scroll-BUyGKgg0.js               [39m[1m[2m  0.87 kB[22m[1m[22m[2m │ gzip:   0.50 kB[22m
[2mdist/[22m[36massets/omit-BGtyc8TT.js                 [39m[1m[2m  0.90 kB[22m[1m[22m[2m │ gzip:   0.55 kB[22m
[2mdist/[22m[36massets/debounce-DcNd3QeI.js             [39m[1m[2m  1.07 kB[22m[1m[22m[2m │ gzip:   0.57 kB[22m
[2mdist/[22m[36massets/_baseIteratee-DcYOlqKv.js        [39m[1m[2m  1.13 kB[22m[1m[22m[2m │ gzip:   0.59 kB[22m
[2mdist/[22m[36massets/versions-CbsTi1C5.js             [39m[1m[2m  1.20 kB[22m[1m[22m[2m │ gzip:   0.58 kB[22m
[2mdist/[22m[36massets/CategoryBadge-DSLaYZCh.js        [39m[1m[2m  1.20 kB[22m[1m[22m[2m │ gzip:   0.84 kB[22m
[2mdist/[22m[36massets/EvalView-BDSriMsv.js             [39m[1m[2m  1.24 kB[22m[1m[22m[2m │ gzip:   0.78 kB[22m
[2mdist/[22m[36massets/index-VOhuHx3x.js                [39m[1m[2m  1.30 kB[22m[1m[22m[2m │ gzip:   0.62 kB[22m
[2mdist/[22m[36massets/el-result-CSTC8meb.js            [39m[1m[2m  1.36 kB[22m[1m[22m[2m │ gzip:   0.63 kB[22m
[2mdist/[22m[36massets/drills-L2RYIF18.js               [39m[1m[2m  1.69 kB[22m[1m[22m[2m │ gzip:   0.77 kB[22m
[2mdist/[22m[36massets/index-zeFV9x-8.js                [39m[1m[2m  1.78 kB[22m[1m[22m[2m │ gzip:   0.93 kB[22m
[2mdist/[22m[36massets/el-alert-W-Kk1_Li.js             [39m[1m[2m  1.94 kB[22m[1m[22m[2m │ gzip:   0.92 kB[22m
[2mdist/[22m[36massets/index-BtEF_18O.js                [39m[1m[2m  1.96 kB[22m[1m[22m[2m │ gzip:   1.04 kB[22m
[2mdist/[22m[36massets/el-timeline-item-BuVyQVVc.js     [39m[1m[2m  2.08 kB[22m[1m[22m[2m │ gzip:   0.92 kB[22m
[2mdist/[22m[36massets/EvalDatasetsView-DPMBOwKZ.js     [39m[1m[2m  2.14 kB[22m[1m[22m[2m │ gzip:   1.18 kB[22m
[2mdist/[22m[36massets/StatusBadge-ZPrUFo-a.js          [39m[1m[2m  2.29 kB[22m[1m[22m[2m │ gzip:   1.05 kB[22m
[2mdist/[22m[36massets/IncidentTable-XyO26EgZ.js        [39m[1m[2m  2.87 kB[22m[1m[22m[2m │ gzip:   1.36 kB[22m
[2mdist/[22m[36massets/el-step-BnCsYEoI.js              [39m[1m[2m  4.17 kB[22m[1m[22m[2m │ gzip:   1.70 kB[22m
[2mdist/[22m[36massets/el-overlay-CUy1NpQ7.js           [39m[1m[2m  4.24 kB[22m[1m[22m[2m │ gzip:   1.71 kB[22m
[2mdist/[22m[36massets/el-descriptions-CFyx0JUZ.js      [39m[1m[2m  4.46 kB[22m[1m[22m[2m │ gzip:   1.80 kB[22m
[2mdist/[22m[36massets/el-loading-DQo-TAE0.js           [39m[1m[2m  4.60 kB[22m[1m[22m[2m │ gzip:   1.97 kB[22m
[2mdist/[22m[36massets/el-dialog-BAsMjA7X.js            [39m[1m[2m  4.72 kB[22m[1m[22m[2m │ gzip:   2.06 kB[22m
[2mdist/[22m[36massets/DrillsView-C5O0k_ka.js           [39m[1m[2m  4.91 kB[22m[1m[22m[2m │ gzip:   2.33 kB[22m
[2mdist/[22m[36massets/OverviewView-B254Wo0l.js         [39m[1m[2m  5.10 kB[22m[1m[22m[2m │ gzip:   2.48 kB[22m
[2mdist/[22m[36massets/el-radio-button-Be39C8qc.js      [39m[1m[2m  5.23 kB[22m[1m[22m[2m │ gzip:   2.17 kB[22m
[2mdist/[22m[36massets/DetailDrawer-BAuWHUcy.js         [39m[1m[2m  5.36 kB[22m[1m[22m[2m │ gzip:   2.40 kB[22m
[2mdist/[22m[36massets/el-collapse-item-BBIFnc5K.js     [39m[1m[2m  5.73 kB[22m[1m[22m[2m │ gzip:   2.26 kB[22m
[2mdist/[22m[36massets/HistoryView-D4dj6LMN.js          [39m[1m[2m  6.61 kB[22m[1m[22m[2m │ gzip:   3.01 kB[22m
[2mdist/[22m[36massets/NotificationsView-yVbIbbvl.js    [39m[1m[2m  6.61 kB[22m[1m[22m[2m │ gzip:   3.18 kB[22m
[2mdist/[22m[36massets/RunsView-ZqWZx_2s.js             [39m[1m[2m  6.97 kB[22m[1m[22m[2m │ gzip:   3.28 kB[22m
[2mdist/[22m[36massets/el-input-number-DBsEK3Xg.js      [39m[1m[2m  7.00 kB[22m[1m[22m[2m │ gzip:   2.84 kB[22m
[2mdist/[22m[36massets/index-CpLfYhhD.js                [39m[1m[2m  7.52 kB[22m[1m[22m[2m │ gzip:   3.24 kB[22m
[2mdist/[22m[36massets/DutyChatView-BwX0_Tfr.js         [39m[1m[2m  7.57 kB[22m[1m[22m[2m │ gzip:   3.77 kB[22m
[2mdist/[22m[36massets/format-XjWJvWXi.js               [39m[1m[2m  7.86 kB[22m[1m[22m[2m │ gzip:   3.02 kB[22m
[2mdist/[22m[36massets/EvalRunsView-D70rXAJm.js         [39m[1m[2m  8.91 kB[22m[1m[22m[2m │ gzip:   4.02 kB[22m
[2mdist/[22m[36massets/EvalAssetsView-BWcPISBQ.js       [39m[1m[2m 10.18 kB[22m[1m[22m[2m │ gzip:   4.24 kB[22m
[2mdist/[22m[36massets/AlertsView-BPaXTAky.js           [39m[1m[2m 11.01 kB[22m[1m[22m[2m │ gzip:   4.41 kB[22m
[2mdist/[22m[36massets/index-BfMKBz4d.js                [39m[1m[2m 11.42 kB[22m[1m[22m[2m │ gzip:   4.26 kB[22m
[2mdist/[22m[36massets/el-tab-pane-BrRKmk7w.js          [39m[1m[2m 11.76 kB[22m[1m[22m[2m │ gzip:   4.87 kB[22m
[2mdist/[22m[36massets/IncidentDetailView-BvYoTx8v.js   [39m[1m[2m 13.04 kB[22m[1m[22m[2m │ gzip:   4.74 kB[22m
[2mdist/[22m[36massets/VersionsView-C79dZe_C.js         [39m[1m[2m 13.04 kB[22m[1m[22m[2m │ gzip:   5.18 kB[22m
[2mdist/[22m[36massets/EvalNewView-BM5LuVFJ.js          [39m[1m[2m 13.91 kB[22m[1m[22m[2m │ gzip:   5.90 kB[22m
[2mdist/[22m[36massets/MonitorView-CMXAXRZs.js          [39m[1m[2m 14.20 kB[22m[1m[22m[2m │ gzip:   5.36 kB[22m
[2mdist/[22m[36massets/DrillCreateView-CEYNvB20.js      [39m[1m[2m 14.71 kB[22m[1m[22m[2m │ gzip:   5.99 kB[22m
[2mdist/[22m[36massets/CasesView-DtyUwyBX.js            [39m[1m[2m 14.90 kB[22m[1m[22m[2m │ gzip:   5.79 kB[22m
[2mdist/[22m[36massets/DrillDetailView-DXWSsbKo.js      [39m[1m[2m 15.28 kB[22m[1m[22m[2m │ gzip:   6.65 kB[22m
[2mdist/[22m[36massets/EvalCompareView-CdqFZsEz.js      [39m[1m[2m 19.53 kB[22m[1m[22m[2m │ gzip:   7.68 kB[22m
[2mdist/[22m[36massets/EvalReviewView-BgJaqTYM.js       [39m[1m[2m 19.77 kB[22m[1m[22m[2m │ gzip:   6.91 kB[22m
[2mdist/[22m[36massets/el-select-B9953L5K.js            [39m[1m[2m 31.08 kB[22m[1m[22m[2m │ gzip:  10.65 kB[22m
[2mdist/[22m[36massets/EvalRunDetailView-JnxOAvMm.js    [39m[1m[2m 33.20 kB[22m[1m[22m[2m │ gzip:  10.54 kB[22m
[2mdist/[22m[36massets/DutyView-BCrarj7Y.js             [39m[1m[2m 38.79 kB[22m[1m[22m[2m │ gzip:  12.17 kB[22m
[2mdist/[22m[36massets/el-table-column-BVUJJDcF.js      [39m[1m[2m 85.41 kB[22m[1m[22m[2m │ gzip:  29.45 kB[22m
[2mdist/[22m[36massets/el-date-picker-B6hOFUgm.js       [39m[1m[2m102.10 kB[22m[1m[22m[2m │ gzip:  28.53 kB[22m
[2mdist/[22m[36massets/RunDetailView-C_B3EDMy.js        [39m[1m[2m246.15 kB[22m[1m[22m[2m │ gzip:  83.33 kB[22m
[2mdist/[22m[36massets/index-HBioXvm7.js                [39m[1m[2m387.37 kB[22m[1m[22m[2m │ gzip: 140.68 kB[22m
[2mdist/[22m[36massets/echarts-ifev289a.js              [39m[1m[33m647.94 kB[39m[22m[2m │ gzip: 221.88 kB[22m
[33m
(!) Some chunks are larger than 500 kB after minification. Consider:
- Using dynamic import() to code-split the application
- Use build.rollupOptions.output.manualChunks to improve chunking: https://rollupjs.org/configuration-options/#output-manualchunks
- Adjust chunk size limit for this warning via build.chunkSizeWarningLimit.[39m
[32m✓ built in 12.70s[39m
