
  .   ____          _            __ _ _
 /\\ / ___'_ __ _ _(_)_ __  __ _ \ \ \ \
( ( )\___ | '_ | '_| | '_ \/ _` | \ \ \ \
 \\/  ___)| |_)| | | | | || (_| |  ) ) ) )
  '  |____| .__|_| |_|_| |_\__, | / / / /
 =========|_|==============|___/=/_/_/_/

 :: Spring Boot ::                (v3.4.5)

2026-09-14T14:15:40.621+08:00  INFO 47812 --- [control-app] [           main] [                                                 ] c.objwww.pr.control.ControlApplication   : Starting ControlApplication v0.0.1-SNAPSHOT using Java 21.0.12 with PID 47812 (E:\kimiCode\control-app\target\control-app-0.0.1-SNAPSHOT-exec.jar started by wangp in E:\kimiCode)
2026-09-14T14:15:40.624+08:00  INFO 47812 --- [control-app] [           main] [                                                 ] c.objwww.pr.control.ControlApplication   : No active profile set, falling back to 1 default profile: "default"
2026-09-14T14:15:42.790+08:00  INFO 47812 --- [control-app] [           main] [                                                 ] o.s.b.w.embedded.tomcat.TomcatWebServer  : Tomcat initialized with port 8080 (http)
2026-09-14T14:15:42.802+08:00  INFO 47812 --- [control-app] [           main] [                                                 ] o.apache.catalina.core.StandardService   : Starting service [Tomcat]
2026-09-14T14:15:42.803+08:00  INFO 47812 --- [control-app] [           main] [                                                 ] o.apache.catalina.core.StandardEngine    : Starting Servlet engine: [Apache Tomcat/10.1.40]
2026-09-14T14:15:42.833+08:00  INFO 47812 --- [control-app] [           main] [                                                 ] o.a.c.c.C.[Tomcat].[localhost].[/]       : Initializing Spring embedded WebApplicationContext
2026-09-14T14:15:42.834+08:00  INFO 47812 --- [control-app] [           main] [                                                 ] w.s.c.ServletWebServerApplicationContext : Root WebApplicationContext: initialization completed in 2135 ms
2026-09-14T14:15:43.172+08:00  INFO 47812 --- [control-app] [           main] [                                                 ] r$InitializeUserDetailsManagerConfigurer : Global AuthenticationManager configured with UserDetailsService bean with name authUserDetailsService
2026-09-14T14:15:43.574+08:00  INFO 47812 --- [control-app] [           main] [                                                 ] o.s.b.a.e.web.EndpointLinksResolver      : Exposing 3 endpoints beneath base path '/actuator'
2026-09-14T14:15:44.377+08:00  INFO 47812 --- [control-app] [           main] [                                                 ] o.s.b.w.embedded.tomcat.TomcatWebServer  : Tomcat started on port 8080 (http) with context path '/'
2026-09-14T14:15:44.392+08:00  INFO 47812 --- [control-app] [           main] [                                                 ] c.objwww.pr.control.ControlApplication   : Started ControlApplication in 4.24 seconds (process running for 4.798)
2026-09-14T14:17:09.129+08:00  INFO 47812 --- [control-app] [nio-8080-exec-1] [                                                 ] o.a.c.c.C.[Tomcat].[localhost].[/]       : Initializing Spring DispatcherServlet 'dispatcherServlet'
2026-09-14T14:17:09.129+08:00  INFO 47812 --- [control-app] [nio-8080-exec-1] [                                                 ] o.s.web.servlet.DispatcherServlet        : Initializing Servlet 'dispatcherServlet'
2026-09-14T14:17:09.131+08:00  INFO 47812 --- [control-app] [nio-8080-exec-1] [                                                 ] o.s.web.servlet.DispatcherServlet        : Completed initialization in 2 ms
