
  .   ____          _            __ _ _
 /\\ / ___'_ __ _ _(_)_ __  __ _ \ \ \ \
( ( )\___ | '_ | '_| | '_ \/ _` | \ \ \ \
 \\/  ___)| |_)| | | | | || (_| |  ) ) ) )
  '  |____| .__|_| |_|_| |_\__, | / / / /
 =========|_|==============|___/=/_/_/_/

 :: Spring Boot ::                (v3.4.5)

2026-09-08T18:56:26.160Z  INFO 1 --- [control-app] [           main] [                                                 ] c.objwww.pr.control.ControlApplication   : Starting ControlApplication v0.0.1-SNAPSHOT using Java 21.0.12 with PID 1 (/app/app.jar started by app in /app)
2026-09-08T18:56:26.163Z  INFO 1 --- [control-app] [           main] [                                                 ] c.objwww.pr.control.ControlApplication   : The following 2 profiles are active: "docker", "am4-shadow-trigger"
2026-09-08T18:56:31.889Z  INFO 1 --- [control-app] [           main] [                                                 ] com.zaxxer.hikari.HikariDataSource       : HikariPool-1 - Starting...
2026-09-08T18:56:32.401Z  INFO 1 --- [control-app] [           main] [                                                 ] com.zaxxer.hikari.pool.HikariPool        : HikariPool-1 - Added connection org.postgresql.jdbc.PgConnection@1cc93da4
2026-09-08T18:56:32.403Z  INFO 1 --- [control-app] [           main] [                                                 ] com.zaxxer.hikari.HikariDataSource       : HikariPool-1 - Start completed.
2026-09-08T18:56:32.483Z  INFO 1 --- [control-app] [           main] [                                                 ] c.o.p.c.a.ModelCallLedgerRecovery        : ModelCallLedgerRecovery 启动: recoveryAfter=PT4M scanIntervalMs=60000
2026-09-08T18:56:33.788Z  INFO 1 --- [control-app] [           main] [                                                 ] c.o.p.c.a.a.AlertInboxProcessor          : AlertInboxProcessor 启动 owner=control-1
2026-09-08T18:56:33.788Z  INFO 1 --- [control-app] [           main] [                                                 ] c.o.p.c.alert.application.RcaWorker      : RcaWorker 启动 owner=control-1 scope=rca
2026-09-08T18:56:33.862Z  INFO 1 --- [control-app] [           main] [                                                 ] c.objwww.pr.control.ControlApplication   : Started ControlApplication in 9.157 seconds (process running for 10.436)
2026-09-08T18:56:33.884Z  INFO 1 --- [control-app] [           main] [                                                 ] c.o.p.c.i.s.StartupSelfCheckRunner       : [control] 启动自检通过（B25 运行时门）
AM4_SHADOW_TASK=investigate-change=EVIDENCE_PRODUCED
AM4_SHADOW_TASK=investigate-logs=EVIDENCE_PRODUCED
AM4_SHADOW_TASK=investigate-metrics=EVIDENCE_PRODUCED
AM4_SHADOW_TASK=snapshot=4ca05e2418f40e9adf31a1d3597c9edd54cc2e5c991bf6da5c0785b1d4dc5a84
2026-09-08T18:56:34.372Z  INFO 1 --- [control-app] [           main] [                                                 ] c.o.p.c.a.a.DeterministicSupervisor      : {"event":"am4_run_reporting","ts":"2026-09-08T18:56:34.372041091Z","run_id":"2de23770-7024-4d5a-8002-7c2c011a8b64"}
2026-09-08T18:56:34.372Z  INFO 1 --- [control-app] [           main] [                                                 ] c.o.p.c.a.a.DeterministicSupervisor      : run 2de23770-7024-4d5a-8002-7c2c011a8b64 全任务终态 → REPORTING（报告链组装）
AM4_SHADOW_RUN_ID=2de23770-7024-4d5a-8002-7c2c011a8b64
2026-09-08T18:56:34.479Z  INFO 1 --- [control-app] [ionShutdownHook] [                                                 ] com.zaxxer.hikari.HikariDataSource       : HikariPool-1 - Shutdown initiated...
2026-09-08T18:56:34.486Z  INFO 1 --- [control-app] [ionShutdownHook] [                                                 ] com.zaxxer.hikari.HikariDataSource       : HikariPool-1 - Shutdown completed.
